test_adamw_confirmation_freezes_optimizer_and_keeps_all_six_dense_negative_runs (test_adamw_stability.AdamWStabilityTests.test_adamw_confirmation_freezes_optimizer_and_keeps_all_six_dense_negative_runs) ... ok
test_negative_adamw_calibration_still_cannot_launch_confirmation (test_adamw_stability.AdamWStabilityTests.test_negative_adamw_calibration_still_cannot_launch_confirmation) ... ok
test_paired_optimizer_archive_identifies_both_controls_and_retains_failures (test_adamw_stability.AdamWStabilityTests.test_paired_optimizer_archive_identifies_both_controls_and_retains_failures) ... ok
test_all_six_real_scheduled_pairs_remain_negative_portable_and_complete (test_architecture_cohort.ArchitectureCohortTests.test_all_six_real_scheduled_pairs_remain_negative_portable_and_complete) ... ok
test_fresh_matrix_native_schedule_pair_initialization_and_preflight_rejections (test_architecture_cohort.ArchitectureCohortTests.test_fresh_matrix_native_schedule_pair_initialization_and_preflight_rejections) ... ok
test_full_native_normalizer_interruption_resume_and_raw_archive_equality (test_architecture_cohort.ArchitectureCohortTests.test_full_native_normalizer_interruption_resume_and_raw_archive_equality) ... ok
test_scientific_gate_rejects_actual_negative_six_case_and_incomplete_pair_references (test_architecture_cohort.ArchitectureCohortTests.test_scientific_gate_rejects_actual_negative_six_case_and_incomplete_pair_references) ... ok
test_late_failure_retains_observed_timing_and_quality_without_speed_ratio (test_architecture_metrics.ArchitectureMetricsTests.test_late_failure_retains_observed_timing_and_quality_without_speed_ratio) ... ok
test_missing_event_incomplete_or_invalid_costs_cannot_certify_timing (test_architecture_metrics.ArchitectureMetricsTests.test_missing_event_incomplete_or_invalid_costs_cannot_certify_timing) ... ok
test_persistent_candidate_without_plateau_has_eligible_timing (test_architecture_metrics.ArchitectureMetricsTests.test_persistent_candidate_without_plateau_has_eligible_timing) ... ok
test_rapid_control_and_failed_control_do_not_open_timing_gate (test_architecture_metrics.ArchitectureMetricsTests.test_rapid_control_and_failed_control_do_not_open_timing_gate) ... ok
test_real_complete_negative_adamw_confirmation_cannot_select_architecture (test_architecture_metrics.ArchitectureMetricsTests.test_real_complete_negative_adamw_confirmation_cannot_select_architecture) ... ok
test_real_complete_paired_archives_keep_quality_costs_and_failed_timing (test_architecture_metrics.ArchitectureMetricsTests.test_real_complete_paired_archives_keep_quality_costs_and_failed_timing) ... ok
test_undeclared_task_optimizer_seed_and_criterion_changes_are_rejected (test_architecture_metrics.ArchitectureMetricsTests.test_undeclared_task_optimizer_seed_and_criterion_changes_are_rejected) ... ok
test_both_softmax_controls_and_constant_sparsemax_retain_selected_native_trajectories (test_architecture_training.ArchitectureTrainingTests.test_both_softmax_controls_and_constant_sparsemax_retain_selected_native_trajectories) ... ok
test_complete_real_pairs_verify_without_torch_retain_failures_and_reject_rehashed_rates (test_architecture_training.ArchitectureTrainingTests.test_complete_real_pairs_verify_without_torch_retain_failures_and_reject_rehashed_rates) ... ok
test_scientific_initial_tensors_and_rng_match_and_factory_restores_after_interruption (test_architecture_training.ArchitectureTrainingTests.test_scientific_initial_tensors_and_rng_match_and_factory_restores_after_interruption) ... ok
test_sparsemax_annealing_resume_keeps_buffers_sampling_logs_and_rejects_tag_changes (test_architecture_training.ArchitectureTrainingTests.test_sparsemax_annealing_resume_keeps_buffers_sampling_logs_and_rejects_tag_changes) ... ok
test_addition_all_small_pairs_forward_and_reverse_with_and_without_hints (test_arithmetic.ArithmeticTests.test_addition_all_small_pairs_forward_and_reverse_with_and_without_hints) ... ok
test_addition_rejects_misaligned_hints_and_invalid_digits (test_arithmetic.ArithmeticTests.test_addition_rejects_misaligned_hints_and_invalid_digits) ... ok
test_arbitrarily_long_carry_oracle_uses_exact_integer_arithmetic (test_arithmetic.ArithmeticTests.test_arbitrarily_long_carry_oracle_uses_exact_integer_arithmetic) ... ok
test_balanced_sampling_exposes_all_chain_lengths (test_arithmetic.ArithmeticTests.test_balanced_sampling_exposes_all_chain_lengths) ... ok
test_boolean_and_all_short_words_detects_a_zero_in_every_position (test_arithmetic.ArithmeticTests.test_boolean_and_all_short_words_detects_a_zero_in_every_position) ... ok
test_boolean_and_random_control_covers_the_entire_position_range (test_arithmetic.ArithmeticTests.test_boolean_and_random_control_covers_the_entire_position_range) ... ok
test_boolean_and_train_and_shifted_test_have_disjoint_zero_positions (test_arithmetic.ArithmeticTests.test_boolean_and_train_and_shifted_test_have_disjoint_zero_positions) ... ok
test_carry_length_varies_independently_of_operand_width (test_arithmetic.ArithmeticTests.test_carry_length_varies_independently_of_operand_width) ... ok
test_hard_carry_paper_example_381_plus_619 (test_arithmetic.ArithmeticTests.test_hard_carry_paper_example_381_plus_619) ... ok
test_parity_all_short_bit_strings_in_every_scratchpad_format (test_arithmetic.ArithmeticTests.test_parity_all_short_bit_strings_in_every_scratchpad_format) ... ok
test_parity_rejects_nondisjoint_bits_and_broken_hint_order (test_arithmetic.ArithmeticTests.test_parity_rejects_nondisjoint_bits_and_broken_hint_order) ... ok
test_parity_zero_word_scratchpad_terminates_without_fake_steps (test_arithmetic.ArithmeticTests.test_parity_zero_word_scratchpad_terminates_without_fake_steps) ... ok
test_sampler_constructs_each_requested_carry_chain_exactly (test_arithmetic.ArithmeticTests.test_sampler_constructs_each_requested_carry_chain_exactly) ... ok
test_changed_frozen_plan_and_sources_are_rejected_before_training (test_attention_protocol.AttentionProtocolTests.test_changed_frozen_plan_and_sources_are_rejected_before_training) ... ok
test_complete_real_negative_pair_archives_portably_and_completed_cases_are_not_retrained (test_attention_protocol.AttentionProtocolTests.test_complete_real_negative_pair_archives_portably_and_completed_cases_are_not_retrained) ... ok
test_invalid_interventions_dropped_cases_changed_grids_and_caps_are_rejected (test_attention_protocol.AttentionProtocolTests.test_invalid_interventions_dropped_cases_changed_grids_and_caps_are_rejected) ... ok
test_scientific_freeze_waits_for_complete_reference_before_cuda_initialization (test_attention_protocol.AttentionProtocolTests.test_scientific_freeze_waits_for_complete_reference_before_cuda_initialization) ... ok
test_cross_normalizer_and_ordinary_resume_are_rejected_before_load (test_attention_training.AttentionTrainingTests.test_cross_normalizer_and_ordinary_resume_are_rejected_before_load) ... ok
test_factory_and_sources_are_restored_after_training_exception (test_attention_training.AttentionTrainingTests.test_factory_and_sources_are_restored_after_training_exception) ... ok
test_invalid_normalizers_optimizers_and_total_update_caps_are_rejected (test_attention_training.AttentionTrainingTests.test_invalid_normalizers_optimizers_and_total_update_caps_are_rejected) ... ok
test_softmax_keeps_the_original_full_width_native_adamw_trajectory (test_attention_training.AttentionTrainingTests.test_softmax_keeps_the_original_full_width_native_adamw_trajectory) ... ok
test_sparsemax_resume_preserves_native_buffers_sampling_and_warmup (test_attention_training.AttentionTrainingTests.test_sparsemax_resume_preserves_native_buffers_sampling_and_warmup) ... ok
test_amsgradw_completes_a_real_study_with_unclipped_gradients (test_baseline_optimizer.BaselineOptimizerTests.test_amsgradw_completes_a_real_study_with_unclipped_gradients) ... ok
test_decay_does_not_enter_moments_and_tied_parameters_are_updated_once (test_baseline_optimizer.BaselineOptimizerTests.test_decay_does_not_enter_moments_and_tied_parameters_are_updated_once) ... ok
test_invalid_optimizer_and_initialization_settings_are_rejected (test_baseline_optimizer.BaselineOptimizerTests.test_invalid_optimizer_and_initialization_settings_are_rejected) ... ok
test_raw_moments_decoupled_decay_and_retained_maximum_match_scalar_recurrence (test_baseline_optimizer.BaselineOptimizerTests.test_raw_moments_decoupled_decay_and_retained_maximum_match_scalar_recurrence) ... ok
test_saved_initial_state_matches_existing_softmax_optimizer_benchmark (test_baseline_optimizer.BaselineOptimizerTests.test_saved_initial_state_matches_existing_softmax_optimizer_benchmark) ... ok
test_complete_plan_has_unique_runs_and_valid_oracles_for_every_probe (test_baseline_recipes.BaselineRecipesTests.test_complete_plan_has_unique_runs_and_valid_oracles_for_every_probe) ... ok
test_fixed_parity_domain_can_supply_every_disjoint_split (test_baseline_recipes.BaselineRecipesTests.test_fixed_parity_domain_can_supply_every_disjoint_split) ... ok
test_model_seed_changes_do_not_change_pools (test_baseline_recipes.BaselineRecipesTests.test_model_seed_changes_do_not_change_pools) ... ok
test_missing_event_support_is_not_imputed_as_zero (test_baseline_report.BaselineReportTests.test_missing_event_support_is_not_imputed_as_zero) ... ok
test_two_real_checkpoints_preserve_final_selected_and_seed_support (test_baseline_report.BaselineReportTests.test_two_real_checkpoints_preserve_final_selected_and_seed_support) ... ok
test_check_rejects_impossible_difficulty (test_cli.CliTests.test_check_rejects_impossible_difficulty) ... ok
test_check_runs_all_tasks_and_unique_named_variants (test_cli.CliTests.test_check_runs_all_tasks_and_unique_named_variants) ... ok
test_cli_preflights_ood_alphabet_before_creating_any_run (test_cli.CliTests.test_cli_preflights_ood_alphabet_before_creating_any_run) ... ok
test_cli_single_generated_variant_preserves_supplied_format_and_summary (test_cli.CliTests.test_cli_single_generated_variant_preserves_supplied_format_and_summary) ... ok
test_real_cli_training_runs_every_mode_and_writes_reports (test_cli.CliTests.test_real_cli_training_runs_every_mode_and_writes_reports) ... ok
test_actual_updates_match_independent_primary_optimizer_and_schedule (test_complementary_training.ComplementaryTrainingTests.test_actual_updates_match_independent_primary_optimizer_and_schedule) ... ok
test_invalid_protocol_is_rejected_before_any_model_or_output (test_complementary_training.ComplementaryTrainingTests.test_invalid_protocol_is_rejected_before_any_model_or_output) ... ok
test_portable_archive_rejects_rehashed_rate_and_generated_data_forgeries (test_complementary_training.ComplementaryTrainingTests.test_portable_archive_rejects_rehashed_rate_and_generated_data_forgeries) ... ok
test_scoped_adapter_restores_generic_factory_after_success_and_failure (test_complementary_training.ComplementaryTrainingTests.test_scoped_adapter_restores_generic_factory_after_success_and_failure) ... ok
test_a_complete_negative_calibration_cannot_launch_confirmation (test_confirmation.ConfirmationTests.test_a_complete_negative_calibration_cannot_launch_confirmation) ... ok
test_all_six_real_negative_repeats_complete_resume_and_archive_offline (test_confirmation.ConfirmationTests.test_all_six_real_negative_repeats_complete_resume_and_archive_offline) ... ok
test_seed_exclusions_full_matrix_and_resume_guards (test_confirmation.ConfirmationTests.test_seed_exclusions_full_matrix_and_resume_guards) ... ok
test_equivalent_cells_and_corruption_rejection (test_csv_verification.CsvVerificationTests.test_equivalent_cells_and_corruption_rejection) ... ok
test_large_table_traversal_stays_linear (test_csv_verification.CsvVerificationTests.test_large_table_traversal_stays_linear) ... ok
test_original_function_restored_on_exception (test_csv_verification.CsvVerificationTests.test_original_function_restored_on_exception) ... ok
test_portable_cpu_archive_has_identical_offline_result (test_csv_verification.CsvVerificationTests.test_portable_cpu_archive_has_identical_offline_result) ... ok
test_background_examples_expose_wrong_start_and_other_block_counts (test_data.DataTests.test_background_examples_expose_wrong_start_and_other_block_counts) ... ok
test_invalid_configurations_fail_instead_of_hanging_or_leaking_answers (test_data.DataTests.test_invalid_configurations_fail_instead_of_hanging_or_leaking_answers) ... ok
test_lookup_generated_answers_follow_raw_record_edges (test_data.DataTests.test_lookup_generated_answers_follow_raw_record_edges) ... ok
test_matched_lookup_changes_answers_with_identical_counts_and_queries (test_data.DataTests.test_matched_lookup_changes_answers_with_identical_counts_and_queries) ... ok
test_mqar_labels_from_independent_previous_occurrence_oracle (test_data.DataTests.test_mqar_labels_from_independent_previous_occurrence_oracle) ... ok
test_neutral_cap_and_balance_controls_are_respected (test_data.DataTests.test_neutral_cap_and_balance_controls_are_respected) ... ok
test_prefix_output_labels_are_absent_from_model_inputs (test_data.DataTests.test_prefix_output_labels_are_absent_from_model_inputs) ... ok
test_prefix_pairs_preserve_counts_endpoints_and_neutral_positions (test_data.DataTests.test_prefix_pairs_preserve_counts_endpoints_and_neutral_positions) ... ok
test_saved_data_and_fingerprint_match_observed_examples (test_data.DataTests.test_saved_data_and_fingerprint_match_observed_examples) ... ok
test_splits_are_reproducible_and_have_independent_seed_streams (test_data.DataTests.test_splits_are_reproducible_and_have_independent_seed_streams) ... ok
test_unrelated_task_controls_do_not_change_reference_splits (test_data.DataTests.test_unrelated_task_controls_do_not_change_reference_splits) ... ok
test_variable_lengths_and_all_initial_depths_generate_valid_examples (test_data.DataTests.test_variable_lengths_and_all_initial_depths_generate_valid_examples) ... ok
test_batched_and_individual_rollouts_have_identical_answers (test_generation.GenerationTests.test_batched_and_individual_rollouts_have_identical_answers) ... ok
test_extra_output_cannot_count_as_an_exact_answer (test_generation.GenerationTests.test_extra_output_cannot_count_as_an_exact_answer) ... ok
test_final_answer_can_be_correct_even_when_scratchpad_is_wrong (test_generation.GenerationTests.test_final_answer_can_be_correct_even_when_scratchpad_is_wrong) ... ok
test_immediate_eos_is_an_incorrect_answer_and_stops_after_one_call (test_generation.GenerationTests.test_immediate_eos_is_an_incorrect_answer_and_stops_after_one_call) ... ok
test_invalid_limits_empty_prompts_and_mixed_supervision_fail (test_generation.GenerationTests.test_invalid_limits_empty_prompts_and_mixed_supervision_fail) ... ok
test_never_eos_is_bounded_independently_for_each_prompt (test_generation.GenerationTests.test_never_eos_is_bounded_independently_for_each_prompt) ... ok
test_nonfinite_decoding_restores_original_training_mode (test_generation.GenerationTests.test_nonfinite_decoding_restores_original_training_mode) ... ok
test_perfect_causal_decoder_generates_complete_variable_length_answers (test_generation.GenerationTests.test_perfect_causal_decoder_generates_complete_variable_length_answers) ... ok
test_real_mini_gpt_learns_a_small_autoregressive_copy_problem (test_generation.GenerationTests.test_real_mini_gpt_learns_a_small_autoregressive_copy_problem) ... ok
test_rollout_feeds_its_own_wrong_token_into_the_next_context (test_generation.GenerationTests.test_rollout_feeds_its_own_wrong_token_into_the_next_context) ... ok
test_short_output_counts_missing_answer_tokens_as_errors (test_generation.GenerationTests.test_short_output_counts_missing_answer_tokens_as_errors) ... ok
test_teacher_forced_accuracy_does_not_replace_free_generation_scores (test_generation.GenerationTests.test_teacher_forced_accuracy_does_not_replace_free_generation_scores) ... ok
test_training_examples_reject_unshifted_inputs_and_multiple_eos (test_generation.GenerationTests.test_training_examples_reject_unshifted_inputs_and_multiple_eos) ... ok
test_complete_trace_archive_survives_without_training_or_torch (test_gradient_trace.GradientTraceTests.test_complete_trace_archive_survives_without_training_or_torch) ... ok
test_dense_trace_preserves_weights_moments_scores_and_shuffle (test_gradient_trace.GradientTraceTests.test_dense_trace_preserves_weights_moments_scores_and_shuffle) ... ok
test_resume_discards_uncheckpointed_trace_without_losing_prior_gradients (test_gradient_trace.GradientTraceTests.test_resume_discards_uncheckpointed_trace_without_losing_prior_gradients) ... ok
test_empty_supervision_and_nonfinite_metrics_fail (test_metrics.MetricsTests.test_empty_supervision_and_nonfinite_metrics_fail) ... ok
test_loss_has_no_gradient_at_unsupervised_or_padded_positions (test_metrics.MetricsTests.test_loss_has_no_gradient_at_unsupervised_or_padded_positions) ... ok
test_metrics_do_not_hide_errors_in_long_unchanged_label_runs (test_metrics.MetricsTests.test_metrics_do_not_hide_errors_in_long_unchanged_label_runs) ... ok
test_partial_batches_have_identical_weighted_loss_and_accuracy (test_metrics.MetricsTests.test_partial_batches_have_identical_weighted_loss_and_accuracy) ... ok
test_right_padding_does_not_create_targets_or_change_masks (test_metrics.MetricsTests.test_right_padding_does_not_create_targets_or_change_masks) ... ok
test_validation_ranking_uses_exactness_then_balance_then_loss (test_metrics.MetricsTests.test_validation_ranking_uses_exactness_then_balance_then_loss) ... ok
test_actual_optimization_reduces_loss_on_prefix_data (test_model.ModelTests.test_actual_optimization_reduces_loss_on_prefix_data) ... ok
test_backward_updates_embedding_attention_and_feed_forward_parameters (test_model.ModelTests.test_backward_updates_embedding_attention_and_feed_forward_parameters) ... ok
test_batch_padding_does_not_change_valid_prefix_predictions (test_model.ModelTests.test_batch_padding_does_not_change_valid_prefix_predictions) ... ok
test_future_mutations_do_not_change_prefix_logits (test_model.ModelTests.test_future_mutations_do_not_change_prefix_logits) ... ok
test_invalid_model_and_training_configurations_fail_early (test_model.ModelTests.test_invalid_model_and_training_configurations_fail_early) ... ok
test_optimizer_covers_tied_embeddings_once_and_does_not_decay_temperature (test_model.ModelTests.test_optimizer_covers_tied_embeddings_once_and_does_not_decay_temperature) ... ok
test_full_batches_use_the_same_stream_including_multi_epoch_wraps (test_modular_batches.ModularBatchTests.test_full_batches_use_the_same_stream_including_multi_epoch_wraps) ... ok
test_short_tail_matches_independently_shuffled_legacy_batches (test_modular_batches.ModularBatchTests.test_short_tail_matches_independently_shuffled_legacy_batches) ... ok
test_wrap_control_resumes_exactly_and_reports_actual_exposure (test_modular_batches.ModularBatchTests.test_wrap_control_resumes_exactly_and_reports_actual_exposure) ... ok
test_instrumented_run_cannot_be_adopted_into_plain_campaign (test_modular_diagnostics.ModularDiagnosticsTests.test_instrumented_run_cannot_be_adopted_into_plain_campaign) ... ok
test_observations_do_not_change_training_or_canonical_scores (test_modular_diagnostics.ModularDiagnosticsTests.test_observations_do_not_change_training_or_canonical_scores) ... ok
test_parameter_update_and_raw_moment_norms_have_independent_values (test_modular_diagnostics.ModularDiagnosticsTests.test_parameter_update_and_raw_moment_norms_have_independent_values) ... ok
test_resume_discards_uncheckpointed_logs_and_preserves_moments (test_modular_diagnostics.ModularDiagnosticsTests.test_resume_discards_uncheckpointed_logs_and_preserves_moments) ... ok
test_source_fingerprints_are_relative_to_the_checkout (test_modular_diagnostics.ModularDiagnosticsTests.test_source_fingerprints_are_relative_to_the_checkout) ... ok
test_blocks_against_regular_language_for_all_short_words (test_oracles.OracleTests.test_blocks_against_regular_language_for_all_short_words) ... ok
test_duplicate_keys_and_queries_are_rejected (test_oracles.OracleTests.test_duplicate_keys_and_queries_are_rejected) ... ok
test_dyck_against_stack_for_all_short_words_and_prefixes (test_oracles.OracleTests.test_dyck_against_stack_for_all_short_words_and_prefixes) ... ok
test_invalid_dyck_prefix_never_recovers_after_balance_returns (test_oracles.OracleTests.test_invalid_dyck_prefix_never_recovers_after_balance_returns) ... ok
test_invalid_prefix_alphabet_is_rejected (test_oracles.OracleTests.test_invalid_prefix_alphabet_is_rejected) ... ok
test_lookup_rejects_future_links_missing_links_and_cycles (test_oracles.OracleTests.test_lookup_rejects_future_links_missing_links_and_cycles) ... ok
test_neutrals_and_future_suffix_do_not_change_earlier_labels (test_oracles.OracleTests.test_neutrals_and_future_suffix_do_not_change_earlier_labels) ... ok
test_three_hop_lookup_from_shuffled_records (test_oracles.OracleTests.test_three_hop_lookup_from_shuffled_records) ... ok
test_validator_rejects_corrupted_labels_and_masks (test_oracles.OracleTests.test_validator_rejects_corrupted_labels_and_masks) ... ok
test_answer_token_cannot_leak_to_its_prediction (test_paper_modular.GrokkingTrainingTests.test_answer_token_cannot_leak_to_its_prediction) ... ok
test_checkpoint_resume_matches_uninterrupted_updates_for_both_optimizers (test_paper_modular.GrokkingTrainingTests.test_checkpoint_resume_matches_uninterrupted_updates_for_both_optimizers) ... ok
test_delayed_generalization_requires_a_sustained_streak (test_paper_modular.GrokkingTrainingTests.test_delayed_generalization_requires_a_sustained_streak) ... ok
test_complete_domain_and_independent_inverse_oracle (test_paper_modular.ModularDataTests.test_complete_domain_and_independent_inverse_oracle) ... ok
test_composite_modulus_and_zero_denominator_are_rejected (test_paper_modular.ModularDataTests.test_composite_modulus_and_zero_denominator_are_rejected) ... ok
test_error_double_descent_can_coincide_with_delayed_generalization (test_paper_phases.PaperPhaseTests.test_error_double_descent_can_coincide_with_delayed_generalization) ... ok
test_error_recovery_without_the_generalization_target_is_not_grokking (test_paper_phases.PaperPhaseTests.test_error_recovery_without_the_generalization_target_is_not_grokking) ... ok
test_late_instability_cannot_become_an_overfitting_peak_before_generalization (test_paper_phases.PaperPhaseTests.test_late_instability_cannot_become_an_overfitting_peak_before_generalization) ... ok
test_sustained_plateau_and_late_failure_are_reported_separately (test_paper_phases.PaperPhaseTests.test_sustained_plateau_and_late_failure_are_reported_separately) ... ok
test_target_cost_uses_observed_onset_and_confirmation_and_keeps_failures_missing (test_paper_phases.PaperPhaseTests.test_target_cost_uses_observed_onset_and_confirmation_and_keeps_failures_missing) ... ok
test_transient_first_fit_does_not_create_a_memorization_plateau (test_paper_phases.PaperPhaseTests.test_transient_first_fit_does_not_create_a_memorization_plateau) ... ok
test_idx_headers_payload_sizes_and_label_domain (test_paper_random_features.FashionDataTests.test_idx_headers_payload_sizes_and_label_domain) ... ok
test_complex_activation_and_variance_scaling (test_paper_random_features.RandomFeatureTests.test_complex_activation_and_variance_scaling) ... ok
test_overdetermined_solution_matches_SVD_least_squares (test_paper_random_features.RandomFeatureTests.test_overdetermined_solution_matches_SVD_least_squares) ... ok
test_underdetermined_head_interpolates_with_minimum_norm (test_paper_random_features.RandomFeatureTests.test_underdetermined_head_interpolates_with_minimum_norm) ... ok
test_actual_RFF_peak_agrees_with_interpolation_boundary_for_every_seed (test_paper_report.PaperReportTests.test_actual_RFF_peak_agrees_with_interpolation_boundary_for_every_seed) ... ok
test_modular_archive_is_self_contained_and_retains_all_paired_histories (test_paper_report.PaperReportTests.test_modular_archive_is_self_contained_and_retains_all_paired_histories) ... ok
test_target_timing_preserves_failed_runs_and_uses_success_support (test_paper_report.PaperReportTests.test_target_timing_preserves_failed_runs_and_uses_success_support) ... ok
test_invalid_criterion_is_rejected (test_persistence.PersistenceTests.test_invalid_criterion_is_rejected) ... ok
test_late_collapse_with_final_rebound_fails_prospective_tail (test_persistence.PersistenceTests.test_late_collapse_with_final_rebound_fails_prospective_tail) ... ok
test_long_memorization_then_uninterrupted_tail_meets_both_criteria (test_persistence.PersistenceTests.test_long_memorization_then_uninterrupted_tail_meets_both_criteria) ... ok
test_omitted_duplicate_unfinished_and_disagreeing_final_histories_fail (test_persistence.PersistenceTests.test_omitted_duplicate_unfinished_and_disagreeing_final_histories_fail) ... ok
test_rapid_generalization_is_persistent_without_a_grokking_plateau (test_persistence.PersistenceTests.test_rapid_generalization_is_persistent_without_a_grokking_plateau) ... ok
test_single_transient_low_score_and_short_budget_are_insufficient (test_persistence.PersistenceTests.test_single_transient_low_score_and_short_budget_are_insufficient) ... ok
test_train_collapse_also_invalidates_joint_final_performance (test_persistence.PersistenceTests.test_train_collapse_also_invalidates_joint_final_performance) ... ok
test_count_depth_is_structural_and_ignores_boolean_combination_depth (test_prefix_programs.PrefixProgramTests.test_count_depth_is_structural_and_ignores_boolean_combination_depth) ... ok
test_crasp_labels_and_program_are_fixed_across_data_splits_and_lengths (test_prefix_programs.PrefixProgramTests.test_crasp_labels_and_program_are_fixed_across_data_splits_and_lengths) ... ok
test_crossed_brackets_are_invalid_despite_each_type_balancing (test_prefix_programs.PrefixProgramTests.test_crossed_brackets_are_invalid_despite_each_type_balancing) ... ok
test_dyck_two_types_exhaustive_short_prefixes_against_independent_stack (test_prefix_programs.PrefixProgramTests.test_dyck_two_types_exhaustive_short_prefixes_against_independent_stack) ... ok
test_formula_counts_include_the_current_position (test_prefix_programs.PrefixProgramTests.test_formula_counts_include_the_current_position) ... ok
test_formula_invalid_operations_types_and_alphabets_fail (test_prefix_programs.PrefixProgramTests.test_formula_invalid_operations_types_and_alphabets_fail) ... ok
test_formula_primitives_match_recursive_point_semantics (test_prefix_programs.PrefixProgramTests.test_formula_primitives_match_recursive_point_semantics) ... ok
test_generated_programs_have_requested_depth_and_both_truth_values (test_prefix_programs.PrefixProgramTests.test_generated_programs_have_requested_depth_and_both_truth_values) ... ok
test_generated_programs_match_point_semantics_and_are_causal (test_prefix_programs.PrefixProgramTests.test_generated_programs_match_point_semantics_and_are_causal) ... ok
test_neutral_insertions_leave_typed_stack_state_unchanged (test_prefix_programs.PrefixProgramTests.test_neutral_insertions_leave_typed_stack_state_unchanged) ... ok
test_saved_formula_ast_can_be_loaded_and_executed (test_prefix_programs.PrefixProgramTests.test_saved_formula_ast_can_be_loaded_and_executed) ... ok
test_typed_generator_respects_balance_gap_and_type_limits (test_prefix_programs.PrefixProgramTests.test_typed_generator_respects_balance_gap_and_type_limits) ... ok
test_typed_invalid_prefix_never_recovers_after_closes_or_neutrals (test_prefix_programs.PrefixProgramTests.test_typed_invalid_prefix_never_recovers_after_closes_or_neutrals) ... ok
test_typed_oracle_rejects_unrecognized_bracket_types (test_prefix_programs.PrefixProgramTests.test_typed_oracle_rejects_unrecognized_bracket_types) ... ok
test_typed_pairs_preserve_counts_and_neutral_locations_but_change_validity (test_prefix_programs.PrefixProgramTests.test_typed_pairs_preserve_counts_and_neutral_locations_but_change_validity) ... ok
test_adoption_resume_and_integrity_for_three_real_model_optimizer_controls (test_reproduction.ReproductionTests.test_adoption_resume_and_integrity_for_three_real_model_optimizer_controls) ... ok
test_actual_coverage_matches_an_independent_enumeration (test_scaling_calculations.ScalingCalculationsTests.test_actual_coverage_matches_an_independent_enumeration) ... ok
test_calibration_uses_train_fit_and_preserves_nonmonotone_holes (test_scaling_calculations.ScalingCalculationsTests.test_calibration_uses_train_fit_and_preserves_nonmonotone_holes) ... ok
test_parameter_formula_matches_real_tied_models (test_scaling_calculations.ScalingCalculationsTests.test_parameter_formula_matches_real_tied_models) ... ok
test_required_even_pool_meets_the_probability_bound_and_smaller_one_does_not (test_scaling_calculations.ScalingCalculationsTests.test_required_even_pool_meets_the_probability_bound_and_smaller_one_does_not) ... ok
test_real_grid_does_not_pool_depth_or_N_and_preserves_archive_provenance (test_scaling_report.ScalingReportTests.test_real_grid_does_not_pool_depth_or_N_and_preserves_archive_provenance) ... ok
test_width_witness_rejects_mixing_different_depths (test_scaling_report.ScalingReportTests.test_width_witness_rejects_mixing_different_depths) ... ok
test_other_interventions_dropped_cases_changed_grids_caps_and_source_claims_are_rejected (test_scheduled_protocol.ScheduledProtocolTests.test_other_interventions_dropped_cases_changed_grids_caps_and_source_claims_are_rejected) ... ok
test_preflight_rejects_drift_and_completed_first_case_survives_later_failure (test_scheduled_protocol.ScheduledProtocolTests.test_preflight_rejects_drift_and_completed_first_case_survives_later_failure) ... ok
test_real_negative_pair_archives_without_torch_and_completed_cases_are_not_retrained (test_scheduled_protocol.ScheduledProtocolTests.test_real_negative_pair_archives_without_torch_and_completed_cases_are_not_retrained) ... ok
test_scientific_selection_waits_for_complete_failed_reference_before_cuda_initialization (test_scheduled_protocol.ScheduledProtocolTests.test_scientific_selection_waits_for_complete_failed_reference_before_cuda_initialization) ... ok
test_every_original_native_nonrate_check_is_retained_and_failure_restores_the_validator (test_scheduled_report.ScheduledReportTests.test_every_original_native_nonrate_check_is_retained_and_failure_restores_the_validator) ... ok
test_real_complete_annealing_archive_verifies_without_torch_and_rejects_forged_actual_rates (test_scheduled_report.ScheduledReportTests.test_real_complete_annealing_archive_verifies_without_torch_and_rejects_forged_actual_rates) ... ok
test_annealing_preserves_prefix_and_resume_with_native_buffers_sampling_and_rates (test_scheduled_training.ScheduledTrainingTests.test_annealing_preserves_prefix_and_resume_with_native_buffers_sampling_and_rates) ... ok
test_changed_schedule_resume_invalid_intervals_and_exceptions_fail_without_mutation (test_scheduled_training.ScheduledTrainingTests.test_changed_schedule_resume_invalid_intervals_and_exceptions_fail_without_mutation) ... ok
test_constant_policy_retains_the_original_full_width_trajectory_and_actual_rates (test_scheduled_training.ScheduledTrainingTests.test_constant_policy_retains_the_original_full_width_trajectory_and_actual_rates) ... ok
test_atomic_count_includes_both_endpoints_and_singleton_intervals (test_sequences.SequenceTests.test_atomic_count_includes_both_endpoints_and_singleton_intervals) ... ok
test_copy_every_short_word_preserves_order_and_multiplicity (test_sequences.SequenceTests.test_copy_every_short_word_preserves_order_and_multiplicity) ... ok
test_count_rejects_descending_noninteger_or_incomplete_prompts (test_sequences.SequenceTests.test_count_rejects_descending_noninteger_or_incomplete_prompts) ... ok
test_double_histogram_counts_types_rather_than_positions (test_sequences.SequenceTests.test_double_histogram_counts_types_rather_than_positions) ... ok
test_double_histogram_matches_paper_abbc_example (test_sequences.SequenceTests.test_double_histogram_matches_paper_abbc_example) ... ok
test_empty_bad_alphabet_and_missing_separator_fail_before_training (test_sequences.SequenceTests.test_empty_bad_alphabet_and_missing_separator_fail_before_training) ... ok
test_generation_target_is_always_one_token_ahead_of_visible_answers (test_sequences.SequenceTests.test_generation_target_is_always_one_token_ahead_of_visible_answers) ... ok
test_histogram_with_and_without_bos_counts_only_data_symbols (test_sequences.SequenceTests.test_histogram_with_and_without_bos_counts_only_data_symbols) ... ok
test_mode_every_short_word_with_a_unique_maximum (test_sequences.SequenceTests.test_mode_every_short_word_with_a_unique_maximum) ... ok
test_mode_scratchpad_variants_keep_the_same_final_answer (test_sequences.SequenceTests.test_mode_scratchpad_variants_keep_the_same_final_answer) ... ok
test_most_frequent_every_short_word_returns_each_type_once (test_sequences.SequenceTests.test_most_frequent_every_short_word_returns_each_type_once) ... ok
test_most_frequent_ties_follow_first_occurrence_and_use_bos_padding (test_sequences.SequenceTests.test_most_frequent_ties_follow_first_occurrence_and_use_bos_padding) ... ok
test_reverse_every_short_word_including_repeated_symbols (test_sequences.SequenceTests.test_reverse_every_short_word_including_repeated_symbols) ... ok
test_sort_every_short_word_by_independent_insertion_sort (test_sequences.SequenceTests.test_sort_every_short_word_by_independent_insertion_sort) ... ok
test_unique_token_variants_reject_repeats (test_sequences.SequenceTests.test_unique_token_variants_reject_repeats) ... ok
test_validator_rejects_answer_corruption_and_reference_based_limits (test_sequences.SequenceTests.test_validator_rejects_answer_corruption_and_reference_based_limits) ... ok
test_derivatives_match_finite_differences_and_future_gradients_vanish (test_sparsemax_attention.SparsemaxAttentionTests.test_derivatives_match_finite_differences_and_future_gradients_vanish) ... ok
test_projection_matches_all_face_kkt_oracle_with_exact_causal_support (test_sparsemax_attention.SparsemaxAttentionTests.test_projection_matches_all_face_kkt_oracle_with_exact_causal_support) ... ok
test_projection_sparse_example_translation_and_low_precision_accumulation (test_sparsemax_attention.SparsemaxAttentionTests.test_projection_sparse_example_translation_and_low_precision_accumulation) ... ok
test_replacement_preserves_parameter_objects_rng_state_and_optimizer_bindings (test_sparsemax_attention.SparsemaxAttentionTests.test_replacement_preserves_parameter_objects_rng_state_and_optimizer_bindings) ... ok
test_restoring_softmax_matches_original_outputs_and_all_parameter_gradients (test_sparsemax_attention.SparsemaxAttentionTests.test_restoring_softmax_matches_original_outputs_and_all_parameter_gradients) ... ok
test_sparse_model_remains_causal_with_finite_full_backward (test_sparsemax_attention.SparsemaxAttentionTests.test_sparse_model_remains_causal_with_finite_full_backward) ... ok
test_configuration_criterion_sources_and_environment_cannot_change (test_stability.StabilityTests.test_configuration_criterion_sources_and_environment_cannot_change) ... ok
test_four_real_controls_keep_negative_results_and_resume_completed_runs (test_stability.StabilityTests.test_four_real_controls_keep_negative_results_and_resume_completed_runs) ... ok
test_an_early_long_target_streak_does_not_pass_persistence_or_phase_gate (test_stability_comparison.StabilityComparisonTests.test_an_early_long_target_streak_does_not_pass_persistence_or_phase_gate) ... ok
test_missing_duplicate_or_mismatched_archives_cannot_form_a_complete_stage (test_stability_comparison.StabilityComparisonTests.test_missing_duplicate_or_mismatched_archives_cannot_form_a_complete_stage) ... ok
test_portable_complete_comparison_preserves_all_four_negative_runs (test_stability_comparison.StabilityComparisonTests.test_portable_complete_comparison_preserves_all_four_negative_runs) ... ok
test_absent_generalization_retains_failed_window_support (test_stability_recovery.RecoveryTests.test_absent_generalization_retains_failed_window_support) ... ok
test_episode_frequency_depth_recovery_and_last_inclusive_window (test_stability_recovery.RecoveryTests.test_episode_frequency_depth_recovery_and_last_inclusive_window) ... ok
test_missing_or_invalid_observations_cannot_improve_frequency (test_stability_recovery.RecoveryTests.test_missing_or_invalid_observations_cannot_improve_frequency) ... ok
test_partial_and_empty_windows_do_not_create_frequency_trend (test_stability_recovery.RecoveryTests.test_partial_and_empty_windows_do_not_create_frequency_trend) ... ok
test_train_only_failure_is_separate_from_heldout_recurrence (test_stability_recovery.RecoveryTests.test_train_only_failure_is_separate_from_heldout_recurrence) ... ok
test_windows_cannot_claim_a_resolution_finer_than_canonical_sampling (test_stability_recovery.RecoveryTests.test_windows_cannot_claim_a_resolution_finer_than_canonical_sampling) ... ok
test_absent_confirmation_and_exact_grid_onset (test_stability_recovery_series.RecoverySeriesTests.test_absent_confirmation_and_exact_grid_onset) ... ok
test_all_post_onset_support_and_boundary_crossing_episode_retained (test_stability_recovery_series.RecoverySeriesTests.test_all_post_onset_support_and_boundary_crossing_episode_retained) ... ok
test_future_and_partial_windows_cannot_appear_as_completed_zero_rates (test_stability_recovery_series.RecoverySeriesTests.test_future_and_partial_windows_cannot_appear_as_completed_zero_rates) ... ok
test_archive_survives_deleting_training_and_verifies_without_torch (test_stability_report.StabilityReportTests.test_archive_survives_deleting_training_and_verifies_without_torch) ... ok
test_joint_norms_use_the_euclidean_parameter_vector (test_stability_report.StabilityReportTests.test_joint_norms_use_the_euclidean_parameter_vector) ... ok
test_missing_and_corrupt_diagnostics_cannot_be_archived (test_stability_report.StabilityReportTests.test_missing_and_corrupt_diagnostics_cannot_be_archived) ... ok
test_neighbor_support_separates_transient_and_multistep_failures (test_stability_report.StabilityReportTests.test_neighbor_support_separates_transient_and_multistep_failures) ... ok
test_all_37_formats_accept_frozen_noise_and_preserve_structural_targets (test_study_data.StudyDataTests.test_all_37_formats_accept_frozen_noise_and_preserve_structural_targets) ... ok
test_conflict_floor_is_the_empirical_conditional_entropy (test_study_data.StudyDataTests.test_conflict_floor_is_the_empirical_conditional_entropy) ... ok
test_disjoint_pool_and_independent_overlap_diagnostics (test_study_data.StudyDataTests.test_disjoint_pool_and_independent_overlap_diagnostics) ... ok
test_exhausted_domain_and_non_iid_random_policy_fail_clearly (test_study_data.StudyDataTests.test_exhausted_domain_and_non_iid_random_policy_fail_clearly) ... ok
test_incorrect_label_kernel_has_the_requested_rate_and_uniform_alternatives (test_study_data.StudyDataTests.test_incorrect_label_kernel_has_the_requested_rate_and_uniform_alternatives) ... ok
test_invalid_random_payload_and_ood_numeric_capacity_fail (test_study_data.StudyDataTests.test_invalid_random_payload_and_ood_numeric_capacity_fail) ... ok
test_invalid_study_controls_are_rejected (test_study_data.StudyDataTests.test_invalid_study_controls_are_rejected) ... ok
test_noise_assignments_are_nested_by_rate_and_stable_by_pool_size (test_study_data.StudyDataTests.test_noise_assignments_are_nested_by_rate_and_stable_by_pool_size) ... ok
test_random_control_is_repeatable_nested_and_has_no_prompt_oracle (test_study_data.StudyDataTests.test_random_control_is_repeatable_nested_and_has_no_prompt_oracle) ... ok
test_absent_ood_or_incomplete_budget_cannot_confirm_transition (test_study_metrics.StudyMetricsTests.test_absent_ood_or_incomplete_budget_cannot_confirm_transition) ... ok
test_clipping_happens_per_sequence_and_mixture_has_at_most_one_bit_overhead (test_study_metrics.StudyMetricsTests.test_clipping_happens_per_sequence_and_mixture_has_at_most_one_bit_overhead) ... ok
test_curve_witness_matches_an_independent_exhaustive_search (test_study_metrics.StudyMetricsTests.test_curve_witness_matches_an_independent_exhaustive_search) ... ok
test_id_generalization_is_separate_from_length_transfer (test_study_metrics.StudyMetricsTests.test_id_generalization_is_separate_from_length_transfer) ... ok
test_id_generalization_requires_novel_inputs_and_excludes_random_control (test_study_metrics.StudyMetricsTests.test_id_generalization_requires_novel_inputs_and_excludes_random_control) ... ok
test_interpolation_metric_uses_observed_teacher_forcing (test_study_metrics.StudyMetricsTests.test_interpolation_metric_uses_observed_teacher_forcing) ... ok
test_membership_auc_ties_and_direction (test_study_metrics.StudyMetricsTests.test_membership_auc_ties_and_direction) ... ok
test_noise_fit_distinguishes_memorized_noise_from_clean_labels (test_study_metrics.StudyMetricsTests.test_noise_fit_distinguishes_memorized_noise_from_clean_labels) ... ok
test_partial_prefix_extraction_leaves_payload_to_predict_and_restores_mode (test_study_metrics.StudyMetricsTests.test_partial_prefix_extraction_leaves_payload_to_predict_and_restores_mode) ... ok
test_per_example_loss_is_not_token_weighted_loss (test_study_metrics.StudyMetricsTests.test_per_example_loss_is_not_token_weighted_loss) ... ok
test_repeated_validation_inputs_or_empty_novel_probes_cannot_confirm_transfer (test_study_metrics.StudyMetricsTests.test_repeated_validation_inputs_or_empty_novel_probes_cannot_confirm_transfer) ... ok
test_transfer_lag_requires_stable_ood_success_and_records_both_train_fits (test_study_metrics.StudyMetricsTests.test_transfer_lag_requires_stable_ood_success_and_records_both_train_fits) ... ok
test_uniform_capacity_reference_cannot_be_applied_to_algorithmic_answers (test_study_metrics.StudyMetricsTests.test_uniform_capacity_reference_cannot_be_applied_to_algorithmic_answers) ... ok
test_uniform_reference_has_zero_gain_and_exact_conditional_entropy (test_study_metrics.StudyMetricsTests.test_uniform_reference_has_zero_gain_and_exact_conditional_entropy) ... ok
test_bad_prepared_pool_and_profile_controls_are_rejected (test_study_training.StudyTrainingTests.test_bad_prepared_pool_and_profile_controls_are_rejected) ... ok
test_cli_rejects_stopping_or_noising_the_random_control (test_study_training.StudyTrainingTests.test_cli_rejects_stopping_or_noising_the_random_control) ... ok
test_final_and_validation_selected_models_remain_distinct (test_study_training.StudyTrainingTests.test_final_and_validation_selected_models_remain_distinct) ... ok
test_invalid_grid_fails_before_publishing_any_run (test_study_training.StudyTrainingTests.test_invalid_grid_fails_before_publishing_any_run) ... ok
test_noise_and_ood_curves_are_saved_and_final_checkpoint_reloads (test_study_training.StudyTrainingTests.test_noise_and_ood_curves_are_saved_and_final_checkpoint_reloads) ... ok
test_public_random_control_and_memorization_sweep_commands (test_study_training.StudyTrainingTests.test_public_random_control_and_memorization_sweep_commands) ... ok
test_random_control_publishes_code_bits_and_never_calls_accuracy_understanding (test_study_training.StudyTrainingTests.test_random_control_publishes_code_bits_and_never_calls_accuracy_understanding) ... ok
test_summary_does_not_assume_monotone_interpolation_or_universal_capacity (test_study_training.StudyTrainingTests.test_summary_does_not_assume_monotone_interpolation_or_universal_capacity) ... ok
test_sweep_keeps_data_seeds_distinct_and_updates_budget_fixed (test_study_training.StudyTrainingTests.test_sweep_keeps_data_seeds_distinct_and_updates_budget_fixed) ... ok
test_sweep_uses_nested_noisy_pools_shared_probes_and_complete_epochs (test_study_training.StudyTrainingTests.test_sweep_uses_nested_noisy_pools_shared_probes_and_complete_epochs) ... ok
test_addition_formats_share_exact_operand_pairs (test_suite_data.SuiteDataTests.test_addition_formats_share_exact_operand_pairs) ... ok
test_each_variant_has_reproducible_fingerprints_and_independent_split_streams (test_suite_data.SuiteDataTests.test_each_variant_has_reproducible_fingerprints_and_independent_split_streams) ... ok
test_every_variant_supports_variable_lengths_and_ood_with_exact_oracle_labels (test_suite_data.SuiteDataTests.test_every_variant_supports_variable_lengths_and_ood_with_exact_oracle_labels) ... ok
test_group_selectors_cover_paper_task_lists_without_duplicates (test_suite_data.SuiteDataTests.test_group_selectors_cover_paper_task_lists_without_duplicates) ... ok
test_histogram_bos_control_preserves_the_underlying_word (test_suite_data.SuiteDataTests.test_histogram_bos_control_preserves_the_underlying_word) ... ok
test_invalid_new_difficulty_controls_fail_early (test_suite_data.SuiteDataTests.test_invalid_new_difficulty_controls_fail_early) ... ok
test_mode_scratchpad_variants_share_inputs_and_final_answers (test_suite_data.SuiteDataTests.test_mode_scratchpad_variants_share_inputs_and_final_answers) ... ok
test_number_and_identity_namespaces_are_disjoint_at_ood_lengths (test_suite_data.SuiteDataTests.test_number_and_identity_namespaces_are_disjoint_at_ood_lengths) ... ok
test_parity_scratchpads_and_hints_share_exact_input_bits (test_suite_data.SuiteDataTests.test_parity_scratchpads_and_hints_share_exact_input_bits) ... ok
test_saved_generation_examples_include_prompt_answer_and_independent_limit (test_suite_data.SuiteDataTests.test_saved_generation_examples_include_prompt_answer_and_independent_limit) ... ok
test_unrelated_controls_do_not_change_any_new_tasks_data (test_suite_data.SuiteDataTests.test_unrelated_controls_do_not_change_any_new_tasks_data) ... ok
test_addition_evaluates_hard_carry_at_training_and_ood_lengths (test_suite_training.SuiteTrainingTests.test_addition_evaluates_hard_carry_at_training_and_ood_lengths) ... ok
test_and_evaluates_position_shift_separately_from_length_shift (test_suite_training.SuiteTrainingTests.test_and_evaluates_position_shift_separately_from_length_shift) ... ok
test_crasp_report_persists_executable_formula_and_witnesses (test_suite_training.SuiteTrainingTests.test_crasp_report_persists_executable_formula_and_witnesses) ... ok
test_every_added_variant_trains_evaluates_and_reloads_with_its_context_bound (test_suite_training.SuiteTrainingTests.test_every_added_variant_trains_evaluates_and_reloads_with_its_context_bound) ... ok
test_final_answer_target_selects_the_best_final_answer_checkpoint (test_suite_training.SuiteTrainingTests.test_final_answer_target_selects_the_best_final_answer_checkpoint) ... ok
test_invalid_ood_numeric_or_unique_capacity_fails_before_writing (test_suite_training.SuiteTrainingTests.test_invalid_ood_numeric_or_unique_capacity_fails_before_writing) ... ok
test_prefix_task_rejects_a_generated_final_answer_target (test_suite_training.SuiteTrainingTests.test_prefix_task_rejects_a_generated_final_answer_target) ... ok
test_teacher_forced_success_does_not_trigger_a_free_generation_target (test_suite_training.SuiteTrainingTests.test_teacher_forced_success_does_not_trigger_a_free_generation_target) ... ok
test_all_six_real_scheduled_negatives_archive_without_torch_and_rehashed_forgery_fails (test_tagged_confirmation.TaggedConfirmationTests.test_all_six_real_scheduled_negatives_archive_without_torch_and_rehashed_forgery_fails) ... ok
test_exact_fresh_six_case_matrix_sources_tags_cap_and_seed_exclusions (test_tagged_confirmation.TaggedConfirmationTests.test_exact_fresh_six_case_matrix_sources_tags_cap_and_seed_exclusions) ... ok
test_scientific_selection_rejects_negative_CPU_references_and_sparsemax_primary (test_tagged_confirmation.TaggedConfirmationTests.test_scientific_selection_rejects_negative_CPU_references_and_sparsemax_primary) ... ok
test_softmax_native_interruption_resume_and_byte_exact_gradient_archives (test_tagged_confirmation.TaggedConfirmationTests.test_softmax_native_interruption_resume_and_byte_exact_gradient_archives) ... ok
test_all_modes_complete_training_and_reload_selected_checkpoint (test_training.TrainingTests.test_all_modes_complete_training_and_reload_selected_checkpoint) ... ok
test_checkpoint_and_time_to_target_use_validation_instead_of_test (test_training.TrainingTests.test_checkpoint_and_time_to_target_use_validation_instead_of_test) ... ok
test_custom_causal_architecture_uses_the_same_task_and_protocol (test_training.TrainingTests.test_custom_causal_architecture_uses_the_same_task_and_protocol) ... ok
test_data_seeds_are_shared_across_different_model_seeds (test_training.TrainingTests.test_data_seeds_are_shared_across_different_model_seeds) ... ok
test_existing_artifacts_and_non_ood_lengths_are_rejected (test_training.TrainingTests.test_existing_artifacts_and_non_ood_lengths_are_rejected) ... ok
test_nonfinite_model_does_not_publish_a_completed_report (test_training.TrainingTests.test_nonfinite_model_does_not_publish_a_completed_report) ... ok
test_optional_early_stop_keeps_the_observed_target_budget (test_training.TrainingTests.test_optional_early_stop_keeps_the_observed_target_budget) ... ok
test_test_data_is_generated_only_after_validation_selection (test_training.TrainingTests.test_test_data_is_generated_only_after_validation_selection) ... ok
test_unreached_target_is_not_reported_as_success_from_test_score (test_training.TrainingTests.test_unreached_target_is_not_reported_as_success_from_test_score) ... ok

----------------------------------------------------------------------
Ran 284 tests in 90.639s

OK
