W1001 14:58:59.714000 1676399 .venv/lib/python3.14/site-packages/torch/_inductor/utils.py:1806] [0/0] Not enough SMs to use max_autotune_gemm mode
W1001 14:59:04.478000 1676399 .venv/lib/python3.14/site-packages/torch/_inductor/cudagraph_utils.py:401] [__cudagraphs] skipping cudagraphs due to mutated inputs (7 instances). Found from : 
W1001 14:59:04.478000 1676399 .venv/lib/python3.14/site-packages/torch/_inductor/cudagraph_utils.py:401] [__cudagraphs]    File "/home/misha/lean_projects/transformer/experiments/full_compile_benchmark/step.py", line 76, in _batch
W1001 14:59:04.478000 1676399 .venv/lib/python3.14/site-packages/torch/_inductor/cudagraph_utils.py:401] [__cudagraphs]     p.grad.copy_(gradients[name])
W1001 14:59:04.478000 1676399 .venv/lib/python3.14/site-packages/torch/_inductor/cudagraph_utils.py:401] [__cudagraphs]     ~~~~~~~~~~~~^^^^^^^^^^^^^^^^^
W1001 14:59:04.478000 1676399 .venv/lib/python3.14/site-packages/torch/_inductor/cudagraph_utils.py:401] [__cudagraphs] 
W1001 14:59:10.235000 1676399 .venv/lib/python3.14/site-packages/torch/_inductor/cudagraph_utils.py:401] [__cudagraphs] skipping cudagraphs due to mutated inputs (19 instances). Found from : 
W1001 14:59:10.235000 1676399 .venv/lib/python3.14/site-packages/torch/_inductor/cudagraph_utils.py:401] [__cudagraphs]    File "/home/misha/lean_projects/transformer/experiments/full_compile_benchmark/step.py", line 76, in _batch
W1001 14:59:10.235000 1676399 .venv/lib/python3.14/site-packages/torch/_inductor/cudagraph_utils.py:401] [__cudagraphs]     p.grad.copy_(gradients[name])
W1001 14:59:10.235000 1676399 .venv/lib/python3.14/site-packages/torch/_inductor/cudagraph_utils.py:401] [__cudagraphs]     ~~~~~~~~~~~~^^^^^^^^^^^^^^^^^
W1001 14:59:10.235000 1676399 .venv/lib/python3.14/site-packages/torch/_inductor/cudagraph_utils.py:401] [__cudagraphs] 
W1001 14:59:15.656000 1676399 .venv/lib/python3.14/site-packages/torch/_inductor/cudagraph_utils.py:401] [__cudagraphs] skipping cudagraphs due to mutated inputs (19 instances). Found from : 
W1001 14:59:15.656000 1676399 .venv/lib/python3.14/site-packages/torch/_inductor/cudagraph_utils.py:401] [__cudagraphs]    File "/home/misha/lean_projects/transformer/experiments/full_compile_benchmark/step.py", line 80, in _batch
W1001 14:59:15.656000 1676399 .venv/lib/python3.14/site-packages/torch/_inductor/cudagraph_utils.py:401] [__cudagraphs]     directions = propose(self.opt, parameters, self.factors, masks)
W1001 14:59:15.656000 1676399 .venv/lib/python3.14/site-packages/torch/_inductor/cudagraph_utils.py:401] [__cudagraphs]   File "/home/misha/lean_projects/transformer/experiments/full_compile_benchmark/optimizer.py", line 138, in propose
W1001 14:59:15.656000 1676399 .venv/lib/python3.14/site-packages/torch/_inductor/cudagraph_utils.py:401] [__cudagraphs]     return coordinate(opt, parameters)
W1001 14:59:15.656000 1676399 .venv/lib/python3.14/site-packages/torch/_inductor/cudagraph_utils.py:401] [__cudagraphs]   File "/home/misha/lean_projects/transformer/experiments/full_compile_benchmark/optimizer.py", line 72, in coordinate
W1001 14:59:15.656000 1676399 .venv/lib/python3.14/site-packages/torch/_inductor/cudagraph_utils.py:401] [__cudagraphs]     m.mul_(beta).add_(g * (1 - beta))
W1001 14:59:15.656000 1676399 .venv/lib/python3.14/site-packages/torch/_inductor/cudagraph_utils.py:401] [__cudagraphs]     ~~~~~~~~~~~~~~~~~^^^^^^^^^^^^^^^^
W1001 14:59:15.656000 1676399 .venv/lib/python3.14/site-packages/torch/_inductor/cudagraph_utils.py:401] [__cudagraphs] 
W1001 14:59:21.298000 1676399 .venv/lib/python3.14/site-packages/torch/_inductor/cudagraph_utils.py:401] [__cudagraphs] skipping cudagraphs due to mutated inputs (19 instances). Found from : 
W1001 14:59:21.298000 1676399 .venv/lib/python3.14/site-packages/torch/_inductor/cudagraph_utils.py:401] [__cudagraphs]    File "/home/misha/lean_projects/transformer/experiments/full_compile_benchmark/step.py", line 76, in _batch
W1001 14:59:21.298000 1676399 .venv/lib/python3.14/site-packages/torch/_inductor/cudagraph_utils.py:401] [__cudagraphs]     p.grad.copy_(gradients[name])
W1001 14:59:21.298000 1676399 .venv/lib/python3.14/site-packages/torch/_inductor/cudagraph_utils.py:401] [__cudagraphs]     ~~~~~~~~~~~~^^^^^^^^^^^^^^^^^
W1001 14:59:21.298000 1676399 .venv/lib/python3.14/site-packages/torch/_inductor/cudagraph_utils.py:401] [__cudagraphs] 
W1001 14:59:26.789000 1676399 .venv/lib/python3.14/site-packages/torch/_inductor/cudagraph_utils.py:401] [__cudagraphs] skipping cudagraphs due to mutated inputs (25 instances). Found from : 
W1001 14:59:26.789000 1676399 .venv/lib/python3.14/site-packages/torch/_inductor/cudagraph_utils.py:401] [__cudagraphs]    File "/home/misha/lean_projects/transformer/experiments/full_compile_benchmark/step.py", line 80, in _batch
W1001 14:59:26.789000 1676399 .venv/lib/python3.14/site-packages/torch/_inductor/cudagraph_utils.py:401] [__cudagraphs]     directions = propose(self.opt, parameters, self.factors, masks)
W1001 14:59:26.789000 1676399 .venv/lib/python3.14/site-packages/torch/_inductor/cudagraph_utils.py:401] [__cudagraphs]   File "/home/misha/lean_projects/transformer/experiments/full_compile_benchmark/optimizer.py", line 138, in propose
W1001 14:59:26.789000 1676399 .venv/lib/python3.14/site-packages/torch/_inductor/cudagraph_utils.py:401] [__cudagraphs]     return coordinate(opt, parameters)
W1001 14:59:26.789000 1676399 .venv/lib/python3.14/site-packages/torch/_inductor/cudagraph_utils.py:401] [__cudagraphs]   File "/home/misha/lean_projects/transformer/experiments/full_compile_benchmark/optimizer.py", line 73, in coordinate
W1001 14:59:26.789000 1676399 .venv/lib/python3.14/site-packages/torch/_inductor/cudagraph_utils.py:401] [__cudagraphs]     v.mul_(opt.beta2).addcmul_(g, g, value=1 - opt.beta2)
W1001 14:59:26.789000 1676399 .venv/lib/python3.14/site-packages/torch/_inductor/cudagraph_utils.py:401] [__cudagraphs]     ~~~~~~~~~~~~~~~~~~~~~~~~~~^^^^^^^^^^^^^^^^^^^^^^^^^^^
W1001 14:59:26.789000 1676399 .venv/lib/python3.14/site-packages/torch/_inductor/cudagraph_utils.py:401] [__cudagraphs] 
W1001 14:59:32.851000 1676399 .venv/lib/python3.14/site-packages/torch/_inductor/cudagraph_utils.py:401] [__cudagraphs] skipping cudagraphs due to mutated inputs (25 instances). Found from : 
W1001 14:59:32.851000 1676399 .venv/lib/python3.14/site-packages/torch/_inductor/cudagraph_utils.py:401] [__cudagraphs]    File "/home/misha/lean_projects/transformer/experiments/full_compile_benchmark/step.py", line 76, in _batch
W1001 14:59:32.851000 1676399 .venv/lib/python3.14/site-packages/torch/_inductor/cudagraph_utils.py:401] [__cudagraphs]     p.grad.copy_(gradients[name])
W1001 14:59:32.851000 1676399 .venv/lib/python3.14/site-packages/torch/_inductor/cudagraph_utils.py:401] [__cudagraphs]     ~~~~~~~~~~~~^^^^^^^^^^^^^^^^^
W1001 14:59:32.851000 1676399 .venv/lib/python3.14/site-packages/torch/_inductor/cudagraph_utils.py:401] [__cudagraphs] 
W1001 14:59:38.880000 1676399 .venv/lib/python3.14/site-packages/torch/_inductor/cudagraph_utils.py:401] [__cudagraphs] skipping cudagraphs due to mutated inputs (25 instances). Found from : 
W1001 14:59:38.880000 1676399 .venv/lib/python3.14/site-packages/torch/_inductor/cudagraph_utils.py:401] [__cudagraphs]    File "/home/misha/lean_projects/transformer/experiments/full_compile_benchmark/step.py", line 76, in _batch
W1001 14:59:38.880000 1676399 .venv/lib/python3.14/site-packages/torch/_inductor/cudagraph_utils.py:401] [__cudagraphs]     p.grad.copy_(gradients[name])
W1001 14:59:38.880000 1676399 .venv/lib/python3.14/site-packages/torch/_inductor/cudagraph_utils.py:401] [__cudagraphs]     ~~~~~~~~~~~~^^^^^^^^^^^^^^^^^
W1001 14:59:38.880000 1676399 .venv/lib/python3.14/site-packages/torch/_inductor/cudagraph_utils.py:401] [__cudagraphs] 
W1001 14:59:45.220000 1676399 .venv/lib/python3.14/site-packages/torch/_inductor/cudagraph_utils.py:401] [__cudagraphs] skipping cudagraphs due to mutated inputs (25 instances). Found from : 
W1001 14:59:45.220000 1676399 .venv/lib/python3.14/site-packages/torch/_inductor/cudagraph_utils.py:401] [__cudagraphs]    File "/home/misha/lean_projects/transformer/experiments/full_compile_benchmark/step.py", line 76, in _batch
W1001 14:59:45.220000 1676399 .venv/lib/python3.14/site-packages/torch/_inductor/cudagraph_utils.py:401] [__cudagraphs]     p.grad.copy_(gradients[name])
W1001 14:59:45.220000 1676399 .venv/lib/python3.14/site-packages/torch/_inductor/cudagraph_utils.py:401] [__cudagraphs]     ~~~~~~~~~~~~^^^^^^^^^^^^^^^^^
W1001 14:59:45.220000 1676399 .venv/lib/python3.14/site-packages/torch/_inductor/cudagraph_utils.py:401] [__cudagraphs] 
W1001 14:59:51.052000 1676399 .venv/lib/python3.14/site-packages/torch/_inductor/cudagraph_utils.py:401] [__cudagraphs] skipping cudagraphs due to mutated inputs (19 instances). Found from : 
W1001 14:59:51.052000 1676399 .venv/lib/python3.14/site-packages/torch/_inductor/cudagraph_utils.py:401] [__cudagraphs]    File "/home/misha/lean_projects/transformer/experiments/full_compile_benchmark/step.py", line 76, in _batch
W1001 14:59:51.052000 1676399 .venv/lib/python3.14/site-packages/torch/_inductor/cudagraph_utils.py:401] [__cudagraphs]     p.grad.copy_(gradients[name])
W1001 14:59:51.052000 1676399 .venv/lib/python3.14/site-packages/torch/_inductor/cudagraph_utils.py:401] [__cudagraphs]     ~~~~~~~~~~~~^^^^^^^^^^^^^^^^^
W1001 14:59:51.052000 1676399 .venv/lib/python3.14/site-packages/torch/_inductor/cudagraph_utils.py:401] [__cudagraphs] 
W1001 14:59:57.605000 1676399 .venv/lib/python3.14/site-packages/torch/_inductor/cudagraph_utils.py:401] [__cudagraphs] skipping cudagraphs due to mutated inputs (15 instances). Found from : 
W1001 14:59:57.605000 1676399 .venv/lib/python3.14/site-packages/torch/_inductor/cudagraph_utils.py:401] [__cudagraphs]    File "/home/misha/lean_projects/transformer/experiments/full_compile_benchmark/step.py", line 80, in _batch
W1001 14:59:57.605000 1676399 .venv/lib/python3.14/site-packages/torch/_inductor/cudagraph_utils.py:401] [__cudagraphs]     directions = propose(self.opt, parameters, self.factors, masks)
W1001 14:59:57.605000 1676399 .venv/lib/python3.14/site-packages/torch/_inductor/cudagraph_utils.py:401] [__cudagraphs]   File "/home/misha/lean_projects/transformer/experiments/full_compile_benchmark/optimizer.py", line 154, in propose
W1001 14:59:57.605000 1676399 .venv/lib/python3.14/site-packages/torch/_inductor/cudagraph_utils.py:401] [__cudagraphs]     return opt.propose(parameters)
W1001 14:59:57.605000 1676399 .venv/lib/python3.14/site-packages/torch/_inductor/cudagraph_utils.py:401] [__cudagraphs]            ~~~~~~~~~~~^^^^^^^^^^^^
W1001 14:59:57.605000 1676399 .venv/lib/python3.14/site-packages/torch/_inductor/cudagraph_utils.py:401] [__cudagraphs]   File "/home/misha/lean_projects/transformer/experiments/optimizer_benchmark/matrix.py", line 33, in propose
W1001 14:59:57.605000 1676399 .venv/lib/python3.14/site-packages/torch/_inductor/cudagraph_utils.py:401] [__cudagraphs]     direction = 0.05 * adam_direction(state, p.grad, self.steps, bias_correction=True)
W1001 14:59:57.605000 1676399 .venv/lib/python3.14/site-packages/torch/_inductor/cudagraph_utils.py:401] [__cudagraphs]                        ~~~~~~~~~~~~~~^^^^^^^^^^^^^^^^^^^^^^^^^^^^^^^^^^^^^^^^^^^^^^^^^
W1001 14:59:57.605000 1676399 .venv/lib/python3.14/site-packages/torch/_inductor/cudagraph_utils.py:401] [__cudagraphs]   File "/home/misha/lean_projects/transformer/experiments/optimizer_benchmark/common.py", line 64, in adam_direction
W1001 14:59:57.605000 1676399 .venv/lib/python3.14/site-packages/torch/_inductor/cudagraph_utils.py:401] [__cudagraphs]     m.mul_(beta).add_(gradient, alpha=1 - beta)
W1001 14:59:57.605000 1676399 .venv/lib/python3.14/site-packages/torch/_inductor/cudagraph_utils.py:401] [__cudagraphs]     ~~~~~~~~~~~~~~~~~^^^^^^^^^^^^^^^^^^^^^^^^^^
W1001 14:59:57.605000 1676399 .venv/lib/python3.14/site-packages/torch/_inductor/cudagraph_utils.py:401] [__cudagraphs] 
W1001 15:00:06.517000 1676399 .venv/lib/python3.14/site-packages/torch/_inductor/cudagraph_utils.py:401] [__cudagraphs] skipping cudagraphs due to mutated inputs (16 instances). Found from : 
W1001 15:00:06.517000 1676399 .venv/lib/python3.14/site-packages/torch/_inductor/cudagraph_utils.py:401] [__cudagraphs]    File "/home/misha/lean_projects/transformer/experiments/full_compile_benchmark/step.py", line 80, in _batch
W1001 15:00:06.517000 1676399 .venv/lib/python3.14/site-packages/torch/_inductor/cudagraph_utils.py:401] [__cudagraphs]     directions = propose(self.opt, parameters, self.factors, masks)
W1001 15:00:06.517000 1676399 .venv/lib/python3.14/site-packages/torch/_inductor/cudagraph_utils.py:401] [__cudagraphs]   File "/home/misha/lean_projects/transformer/experiments/full_compile_benchmark/optimizer.py", line 154, in propose
W1001 15:00:06.517000 1676399 .venv/lib/python3.14/site-packages/torch/_inductor/cudagraph_utils.py:401] [__cudagraphs]     return opt.propose(parameters)
W1001 15:00:06.517000 1676399 .venv/lib/python3.14/site-packages/torch/_inductor/cudagraph_utils.py:401] [__cudagraphs]            ~~~~~~~~~~~^^^^^^^^^^^^
W1001 15:00:06.517000 1676399 .venv/lib/python3.14/site-packages/torch/_inductor/cudagraph_utils.py:401] [__cudagraphs]   File "/home/misha/lean_projects/transformer/experiments/optimizer_benchmark/matrix.py", line 33, in propose
W1001 15:00:06.517000 1676399 .venv/lib/python3.14/site-packages/torch/_inductor/cudagraph_utils.py:401] [__cudagraphs]     direction = 0.05 * adam_direction(state, p.grad, self.steps, bias_correction=True)
W1001 15:00:06.517000 1676399 .venv/lib/python3.14/site-packages/torch/_inductor/cudagraph_utils.py:401] [__cudagraphs]                        ~~~~~~~~~~~~~~^^^^^^^^^^^^^^^^^^^^^^^^^^^^^^^^^^^^^^^^^^^^^^^^^
W1001 15:00:06.517000 1676399 .venv/lib/python3.14/site-packages/torch/_inductor/cudagraph_utils.py:401] [__cudagraphs]   File "/home/misha/lean_projects/transformer/experiments/optimizer_benchmark/common.py", line 64, in adam_direction
W1001 15:00:06.517000 1676399 .venv/lib/python3.14/site-packages/torch/_inductor/cudagraph_utils.py:401] [__cudagraphs]     m.mul_(beta).add_(gradient, alpha=1 - beta)
W1001 15:00:06.517000 1676399 .venv/lib/python3.14/site-packages/torch/_inductor/cudagraph_utils.py:401] [__cudagraphs]     ~~~~~~~~~~~~~~~~~^^^^^^^^^^^^^^^^^^^^^^^^^^
W1001 15:00:06.517000 1676399 .venv/lib/python3.14/site-packages/torch/_inductor/cudagraph_utils.py:401] [__cudagraphs] 
W1001 15:00:17.133000 1676399 .venv/lib/python3.14/site-packages/torch/_inductor/cudagraph_utils.py:401] [__cudagraphs] skipping cudagraphs due to mutated inputs (8 instances). Found from : 
W1001 15:00:17.133000 1676399 .venv/lib/python3.14/site-packages/torch/_inductor/cudagraph_utils.py:401] [__cudagraphs]    File "/home/misha/lean_projects/transformer/experiments/full_compile_benchmark/step.py", line 78, in _batch
W1001 15:00:17.133000 1676399 .venv/lib/python3.14/site-packages/torch/_inductor/cudagraph_utils.py:401] [__cudagraphs]     self.counter.add_(1)
W1001 15:00:17.133000 1676399 .venv/lib/python3.14/site-packages/torch/_inductor/cudagraph_utils.py:401] [__cudagraphs]     ~~~~~~~~~~~~~~~~~^^^
W1001 15:00:17.133000 1676399 .venv/lib/python3.14/site-packages/torch/_inductor/cudagraph_utils.py:401] [__cudagraphs] 
W1001 15:00:17.499000 1676399 .venv/lib/python3.14/site-packages/torch/_inductor/cudagraph_utils.py:401] [__cudagraphs] skipping cudagraphs due to mutated inputs (1 instances). Found from : 
W1001 15:00:17.499000 1676399 .venv/lib/python3.14/site-packages/torch/_inductor/cudagraph_utils.py:401] [__cudagraphs]    File "/home/misha/lean_projects/transformer/experiments/full_compile_benchmark/step.py", line 80, in _batch
W1001 15:00:17.499000 1676399 .venv/lib/python3.14/site-packages/torch/_inductor/cudagraph_utils.py:401] [__cudagraphs]     directions = propose(self.opt, parameters, self.factors, masks)
W1001 15:00:17.499000 1676399 .venv/lib/python3.14/site-packages/torch/_inductor/cudagraph_utils.py:401] [__cudagraphs]   File "/home/misha/lean_projects/transformer/experiments/full_compile_benchmark/optimizer.py", line 140, in propose
W1001 15:00:17.499000 1676399 .venv/lib/python3.14/site-packages/torch/_inductor/cudagraph_utils.py:401] [__cudagraphs]     return dash(opt, parameters)
W1001 15:00:17.499000 1676399 .venv/lib/python3.14/site-packages/torch/_inductor/cudagraph_utils.py:401] [__cudagraphs]   File "/home/misha/lean_projects/transformer/experiments/full_compile_benchmark/optimizer.py", line 96, in dash
W1001 15:00:17.499000 1676399 .venv/lib/python3.14/site-packages/torch/_inductor/cudagraph_utils.py:401] [__cudagraphs]     group["left"].mul_(opt.beta).add_(gradient @ transpose, alpha=1 - opt.beta)
W1001 15:00:17.499000 1676399 .venv/lib/python3.14/site-packages/torch/_inductor/cudagraph_utils.py:401] [__cudagraphs]     ~~~~~~~~~~~~~~~~~~~~~~~~~~~~~~~~~^^^^^^^^^^^^^^^^^^^^^^^^^^^^^^^^^^^^^^^^^^
W1001 15:00:17.499000 1676399 .venv/lib/python3.14/site-packages/torch/_inductor/cudagraph_utils.py:401] [__cudagraphs] 
W1001 15:00:17.530000 1676399 .venv/lib/python3.14/site-packages/torch/_inductor/cudagraph_utils.py:401] [__cudagraphs] skipping cudagraphs due to mutated inputs (5 instances). Found from : 
W1001 15:00:17.530000 1676399 .venv/lib/python3.14/site-packages/torch/_inductor/cudagraph_utils.py:401] [__cudagraphs]    File "/home/misha/lean_projects/transformer/experiments/full_compile_benchmark/step.py", line 80, in _batch
W1001 15:00:17.530000 1676399 .venv/lib/python3.14/site-packages/torch/_inductor/cudagraph_utils.py:401] [__cudagraphs]     directions = propose(self.opt, parameters, self.factors, masks)
W1001 15:00:17.530000 1676399 .venv/lib/python3.14/site-packages/torch/_inductor/cudagraph_utils.py:401] [__cudagraphs]   File "/home/misha/lean_projects/transformer/experiments/full_compile_benchmark/optimizer.py", line 140, in propose
W1001 15:00:17.530000 1676399 .venv/lib/python3.14/site-packages/torch/_inductor/cudagraph_utils.py:401] [__cudagraphs]     return dash(opt, parameters)
W1001 15:00:17.530000 1676399 .venv/lib/python3.14/site-packages/torch/_inductor/cudagraph_utils.py:401] [__cudagraphs]   File "/home/misha/lean_projects/transformer/experiments/full_compile_benchmark/optimizer.py", line 98, in dash
W1001 15:00:17.530000 1676399 .venv/lib/python3.14/site-packages/torch/_inductor/cudagraph_utils.py:401] [__cudagraphs]     group["moment"].mul_(opt.graft_beta).add_(gradient, alpha=1 - opt.graft_beta)
W1001 15:00:17.530000 1676399 .venv/lib/python3.14/site-packages/torch/_inductor/cudagraph_utils.py:401] [__cudagraphs]     ~~~~~~~~~~~~~~~~~~~~~~~~~~~~~~~~~~~~~~~~~^^^^^^^^^^^^^^^^^^^^^^^^^^^^^^^^^^^^
W1001 15:00:17.530000 1676399 .venv/lib/python3.14/site-packages/torch/_inductor/cudagraph_utils.py:401] [__cudagraphs] 
W1001 15:00:17.532000 1676399 .venv/lib/python3.14/site-packages/torch/_inductor/cudagraph_utils.py:401] [__cudagraphs] skipping cudagraphs due to mutated inputs (1 instances). Found from : 
W1001 15:00:17.532000 1676399 .venv/lib/python3.14/site-packages/torch/_inductor/cudagraph_utils.py:401] [__cudagraphs]    File "/home/misha/lean_projects/transformer/experiments/full_compile_benchmark/step.py", line 80, in _batch
W1001 15:00:17.532000 1676399 .venv/lib/python3.14/site-packages/torch/_inductor/cudagraph_utils.py:401] [__cudagraphs]     directions = propose(self.opt, parameters, self.factors, masks)
W1001 15:00:17.532000 1676399 .venv/lib/python3.14/site-packages/torch/_inductor/cudagraph_utils.py:401] [__cudagraphs]   File "/home/misha/lean_projects/transformer/experiments/full_compile_benchmark/optimizer.py", line 140, in propose
W1001 15:00:17.532000 1676399 .venv/lib/python3.14/site-packages/torch/_inductor/cudagraph_utils.py:401] [__cudagraphs]     return dash(opt, parameters)
W1001 15:00:17.532000 1676399 .venv/lib/python3.14/site-packages/torch/_inductor/cudagraph_utils.py:401] [__cudagraphs]   File "/home/misha/lean_projects/transformer/experiments/full_compile_benchmark/optimizer.py", line 97, in dash
W1001 15:00:17.532000 1676399 .venv/lib/python3.14/site-packages/torch/_inductor/cudagraph_utils.py:401] [__cudagraphs]     group["right"].mul_(opt.beta).add_(transpose @ gradient, alpha=1 - opt.beta)
W1001 15:00:17.532000 1676399 .venv/lib/python3.14/site-packages/torch/_inductor/cudagraph_utils.py:401] [__cudagraphs]     ~~~~~~~~~~~~~~~~~~~~~~~~~~~~~~~~~~^^^^^^^^^^^^^^^^^^^^^^^^^^^^^^^^^^^^^^^^^^
W1001 15:00:17.532000 1676399 .venv/lib/python3.14/site-packages/torch/_inductor/cudagraph_utils.py:401] [__cudagraphs] 
W1001 15:00:17.643000 1676399 .venv/lib/python3.14/site-packages/torch/_inductor/cudagraph_utils.py:401] [__cudagraphs] skipping cudagraphs due to mutated inputs (5 instances). Found from : 
W1001 15:00:17.643000 1676399 .venv/lib/python3.14/site-packages/torch/_inductor/cudagraph_utils.py:401] [__cudagraphs]    File "/home/misha/lean_projects/transformer/experiments/full_compile_benchmark/step.py", line 80, in _batch
W1001 15:00:17.643000 1676399 .venv/lib/python3.14/site-packages/torch/_inductor/cudagraph_utils.py:401] [__cudagraphs]     directions = propose(self.opt, parameters, self.factors, masks)
W1001 15:00:17.643000 1676399 .venv/lib/python3.14/site-packages/torch/_inductor/cudagraph_utils.py:401] [__cudagraphs]   File "/home/misha/lean_projects/transformer/experiments/full_compile_benchmark/optimizer.py", line 140, in propose
W1001 15:00:17.643000 1676399 .venv/lib/python3.14/site-packages/torch/_inductor/cudagraph_utils.py:401] [__cudagraphs]     return dash(opt, parameters)
W1001 15:00:17.643000 1676399 .venv/lib/python3.14/site-packages/torch/_inductor/cudagraph_utils.py:401] [__cudagraphs]   File "/home/misha/lean_projects/transformer/experiments/full_compile_benchmark/optimizer.py", line 98, in dash
W1001 15:00:17.643000 1676399 .venv/lib/python3.14/site-packages/torch/_inductor/cudagraph_utils.py:401] [__cudagraphs]     group["moment"].mul_(opt.graft_beta).add_(gradient, alpha=1 - opt.graft_beta)
W1001 15:00:17.643000 1676399 .venv/lib/python3.14/site-packages/torch/_inductor/cudagraph_utils.py:401] [__cudagraphs]     ~~~~~~~~~~~~~~~~~~~~~~~~~~~~~~~~~~~~~~~~~^^^^^^^^^^^^^^^^^^^^^^^^^^^^^^^^^^^^
W1001 15:00:17.643000 1676399 .venv/lib/python3.14/site-packages/torch/_inductor/cudagraph_utils.py:401] [__cudagraphs] 
W1001 15:00:17.644000 1676399 .venv/lib/python3.14/site-packages/torch/_inductor/cudagraph_utils.py:401] [__cudagraphs] skipping cudagraphs due to mutated inputs (1 instances). Found from : 
W1001 15:00:17.644000 1676399 .venv/lib/python3.14/site-packages/torch/_inductor/cudagraph_utils.py:401] [__cudagraphs]    File "/home/misha/lean_projects/transformer/experiments/full_compile_benchmark/step.py", line 80, in _batch
W1001 15:00:17.644000 1676399 .venv/lib/python3.14/site-packages/torch/_inductor/cudagraph_utils.py:401] [__cudagraphs]     directions = propose(self.opt, parameters, self.factors, masks)
W1001 15:00:17.644000 1676399 .venv/lib/python3.14/site-packages/torch/_inductor/cudagraph_utils.py:401] [__cudagraphs]   File "/home/misha/lean_projects/transformer/experiments/full_compile_benchmark/optimizer.py", line 140, in propose
W1001 15:00:17.644000 1676399 .venv/lib/python3.14/site-packages/torch/_inductor/cudagraph_utils.py:401] [__cudagraphs]     return dash(opt, parameters)
W1001 15:00:17.644000 1676399 .venv/lib/python3.14/site-packages/torch/_inductor/cudagraph_utils.py:401] [__cudagraphs]   File "/home/misha/lean_projects/transformer/experiments/full_compile_benchmark/optimizer.py", line 97, in dash
W1001 15:00:17.644000 1676399 .venv/lib/python3.14/site-packages/torch/_inductor/cudagraph_utils.py:401] [__cudagraphs]     group["right"].mul_(opt.beta).add_(transpose @ gradient, alpha=1 - opt.beta)
W1001 15:00:17.644000 1676399 .venv/lib/python3.14/site-packages/torch/_inductor/cudagraph_utils.py:401] [__cudagraphs]     ~~~~~~~~~~~~~~~~~~~~~~~~~~~~~~~~~~^^^^^^^^^^^^^^^^^^^^^^^^^^^^^^^^^^^^^^^^^^
W1001 15:00:17.644000 1676399 .venv/lib/python3.14/site-packages/torch/_inductor/cudagraph_utils.py:401] [__cudagraphs] 
W1001 15:00:17.718000 1676399 .venv/lib/python3.14/site-packages/torch/_inductor/cudagraph_utils.py:401] [__cudagraphs] skipping cudagraphs due to mutated inputs (1 instances). Found from : 
W1001 15:00:17.718000 1676399 .venv/lib/python3.14/site-packages/torch/_inductor/cudagraph_utils.py:401] [__cudagraphs]    File "/home/misha/lean_projects/transformer/experiments/full_compile_benchmark/step.py", line 80, in _batch
W1001 15:00:17.718000 1676399 .venv/lib/python3.14/site-packages/torch/_inductor/cudagraph_utils.py:401] [__cudagraphs]     directions = propose(self.opt, parameters, self.factors, masks)
W1001 15:00:17.718000 1676399 .venv/lib/python3.14/site-packages/torch/_inductor/cudagraph_utils.py:401] [__cudagraphs]   File "/home/misha/lean_projects/transformer/experiments/full_compile_benchmark/optimizer.py", line 140, in propose
W1001 15:00:17.718000 1676399 .venv/lib/python3.14/site-packages/torch/_inductor/cudagraph_utils.py:401] [__cudagraphs]     return dash(opt, parameters)
W1001 15:00:17.718000 1676399 .venv/lib/python3.14/site-packages/torch/_inductor/cudagraph_utils.py:401] [__cudagraphs]   File "/home/misha/lean_projects/transformer/experiments/full_compile_benchmark/optimizer.py", line 96, in dash
W1001 15:00:17.718000 1676399 .venv/lib/python3.14/site-packages/torch/_inductor/cudagraph_utils.py:401] [__cudagraphs]     group["left"].mul_(opt.beta).add_(gradient @ transpose, alpha=1 - opt.beta)
W1001 15:00:17.718000 1676399 .venv/lib/python3.14/site-packages/torch/_inductor/cudagraph_utils.py:401] [__cudagraphs]     ~~~~~~~~~~~~~~~~~~~~~~~~~~~~~~~~~^^^^^^^^^^^^^^^^^^^^^^^^^^^^^^^^^^^^^^^^^^
W1001 15:00:17.718000 1676399 .venv/lib/python3.14/site-packages/torch/_inductor/cudagraph_utils.py:401] [__cudagraphs] 
W1001 15:00:17.744000 1676399 .venv/lib/python3.14/site-packages/torch/_inductor/cudagraph_utils.py:401] [__cudagraphs] skipping cudagraphs due to mutated inputs (1 instances). Found from : 
W1001 15:00:17.744000 1676399 .venv/lib/python3.14/site-packages/torch/_inductor/cudagraph_utils.py:401] [__cudagraphs]    File "/home/misha/lean_projects/transformer/experiments/full_compile_benchmark/step.py", line 80, in _batch
W1001 15:00:17.744000 1676399 .venv/lib/python3.14/site-packages/torch/_inductor/cudagraph_utils.py:401] [__cudagraphs]     directions = propose(self.opt, parameters, self.factors, masks)
W1001 15:00:17.744000 1676399 .venv/lib/python3.14/site-packages/torch/_inductor/cudagraph_utils.py:401] [__cudagraphs]   File "/home/misha/lean_projects/transformer/experiments/full_compile_benchmark/optimizer.py", line 140, in propose
W1001 15:00:17.744000 1676399 .venv/lib/python3.14/site-packages/torch/_inductor/cudagraph_utils.py:401] [__cudagraphs]     return dash(opt, parameters)
W1001 15:00:17.744000 1676399 .venv/lib/python3.14/site-packages/torch/_inductor/cudagraph_utils.py:401] [__cudagraphs]   File "/home/misha/lean_projects/transformer/experiments/full_compile_benchmark/optimizer.py", line 97, in dash
W1001 15:00:17.744000 1676399 .venv/lib/python3.14/site-packages/torch/_inductor/cudagraph_utils.py:401] [__cudagraphs]     group["right"].mul_(opt.beta).add_(transpose @ gradient, alpha=1 - opt.beta)
W1001 15:00:17.744000 1676399 .venv/lib/python3.14/site-packages/torch/_inductor/cudagraph_utils.py:401] [__cudagraphs]     ~~~~~~~~~~~~~~~~~~~~~~~~~~~~~~~~~~^^^^^^^^^^^^^^^^^^^^^^^^^^^^^^^^^^^^^^^^^^
W1001 15:00:17.744000 1676399 .venv/lib/python3.14/site-packages/torch/_inductor/cudagraph_utils.py:401] [__cudagraphs] 
W1001 15:00:17.745000 1676399 .venv/lib/python3.14/site-packages/torch/_inductor/cudagraph_utils.py:401] [__cudagraphs] skipping cudagraphs due to mutated inputs (1 instances). Found from : 
W1001 15:00:17.745000 1676399 .venv/lib/python3.14/site-packages/torch/_inductor/cudagraph_utils.py:401] [__cudagraphs]    File "/home/misha/lean_projects/transformer/experiments/full_compile_benchmark/step.py", line 80, in _batch
W1001 15:00:17.745000 1676399 .venv/lib/python3.14/site-packages/torch/_inductor/cudagraph_utils.py:401] [__cudagraphs]     directions = propose(self.opt, parameters, self.factors, masks)
W1001 15:00:17.745000 1676399 .venv/lib/python3.14/site-packages/torch/_inductor/cudagraph_utils.py:401] [__cudagraphs]   File "/home/misha/lean_projects/transformer/experiments/full_compile_benchmark/optimizer.py", line 140, in propose
W1001 15:00:17.745000 1676399 .venv/lib/python3.14/site-packages/torch/_inductor/cudagraph_utils.py:401] [__cudagraphs]     return dash(opt, parameters)
W1001 15:00:17.745000 1676399 .venv/lib/python3.14/site-packages/torch/_inductor/cudagraph_utils.py:401] [__cudagraphs]   File "/home/misha/lean_projects/transformer/experiments/full_compile_benchmark/optimizer.py", line 97, in dash
W1001 15:00:17.745000 1676399 .venv/lib/python3.14/site-packages/torch/_inductor/cudagraph_utils.py:401] [__cudagraphs]     group["right"].mul_(opt.beta).add_(transpose @ gradient, alpha=1 - opt.beta)
W1001 15:00:17.745000 1676399 .venv/lib/python3.14/site-packages/torch/_inductor/cudagraph_utils.py:401] [__cudagraphs]     ~~~~~~~~~~~~~~~~~~~~~~~~~~~~~~~~~~^^^^^^^^^^^^^^^^^^^^^^^^^^^^^^^^^^^^^^^^^^
W1001 15:00:17.745000 1676399 .venv/lib/python3.14/site-packages/torch/_inductor/cudagraph_utils.py:401] [__cudagraphs] 
W1001 15:00:17.819000 1676399 .venv/lib/python3.14/site-packages/torch/_inductor/cudagraph_utils.py:401] [__cudagraphs] skipping cudagraphs due to mutated inputs (3 instances). Found from : 
W1001 15:00:17.819000 1676399 .venv/lib/python3.14/site-packages/torch/_inductor/cudagraph_utils.py:401] [__cudagraphs]    File "/home/misha/lean_projects/transformer/experiments/full_compile_benchmark/step.py", line 80, in _batch
W1001 15:00:17.819000 1676399 .venv/lib/python3.14/site-packages/torch/_inductor/cudagraph_utils.py:401] [__cudagraphs]     directions = propose(self.opt, parameters, self.factors, masks)
W1001 15:00:17.819000 1676399 .venv/lib/python3.14/site-packages/torch/_inductor/cudagraph_utils.py:401] [__cudagraphs]   File "/home/misha/lean_projects/transformer/experiments/full_compile_benchmark/optimizer.py", line 140, in propose
W1001 15:00:17.819000 1676399 .venv/lib/python3.14/site-packages/torch/_inductor/cudagraph_utils.py:401] [__cudagraphs]     return dash(opt, parameters)
W1001 15:00:17.819000 1676399 .venv/lib/python3.14/site-packages/torch/_inductor/cudagraph_utils.py:401] [__cudagraphs]   File "/home/misha/lean_projects/transformer/experiments/full_compile_benchmark/optimizer.py", line 98, in dash
W1001 15:00:17.819000 1676399 .venv/lib/python3.14/site-packages/torch/_inductor/cudagraph_utils.py:401] [__cudagraphs]     group["moment"].mul_(opt.graft_beta).add_(gradient, alpha=1 - opt.graft_beta)
W1001 15:00:17.819000 1676399 .venv/lib/python3.14/site-packages/torch/_inductor/cudagraph_utils.py:401] [__cudagraphs]     ~~~~~~~~~~~~~~~~~~~~~~~~~~~~~~~~~~~~~~~~~^^^^^^^^^^^^^^^^^^^^^^^^^^^^^^^^^^^^
W1001 15:00:17.819000 1676399 .venv/lib/python3.14/site-packages/torch/_inductor/cudagraph_utils.py:401] [__cudagraphs] 
W1001 15:00:42.059000 1676399 .venv/lib/python3.14/site-packages/torch/_inductor/cudagraph_utils.py:401] [__cudagraphs] skipping cudagraphs due to mutated inputs (27 instances). Found from : 
W1001 15:00:42.059000 1676399 .venv/lib/python3.14/site-packages/torch/_inductor/cudagraph_utils.py:401] [__cudagraphs]    File "/home/misha/lean_projects/transformer/experiments/full_compile_benchmark/step.py", line 78, in _batch
W1001 15:00:42.059000 1676399 .venv/lib/python3.14/site-packages/torch/_inductor/cudagraph_utils.py:401] [__cudagraphs]     self.counter.add_(1)
W1001 15:00:42.059000 1676399 .venv/lib/python3.14/site-packages/torch/_inductor/cudagraph_utils.py:401] [__cudagraphs]     ~~~~~~~~~~~~~~~~~^^^
W1001 15:00:42.059000 1676399 .venv/lib/python3.14/site-packages/torch/_inductor/cudagraph_utils.py:401] [__cudagraphs] 
W1001 15:01:10.060000 1676399 .venv/lib/python3.14/site-packages/torch/_inductor/cudagraph_utils.py:401] [__cudagraphs] skipping cudagraphs due to mutated inputs (27 instances). Found from : 
W1001 15:01:10.060000 1676399 .venv/lib/python3.14/site-packages/torch/_inductor/cudagraph_utils.py:401] [__cudagraphs]    File "/home/misha/lean_projects/transformer/experiments/full_compile_benchmark/step.py", line 78, in _batch
W1001 15:01:10.060000 1676399 .venv/lib/python3.14/site-packages/torch/_inductor/cudagraph_utils.py:401] [__cudagraphs]     self.counter.add_(1)
W1001 15:01:10.060000 1676399 .venv/lib/python3.14/site-packages/torch/_inductor/cudagraph_utils.py:401] [__cudagraphs]     ~~~~~~~~~~~~~~~~~^^^
W1001 15:01:10.060000 1676399 .venv/lib/python3.14/site-packages/torch/_inductor/cudagraph_utils.py:401] [__cudagraphs] 
Traceback (most recent call last):
  File "<frozen runpy>", line 203, in _run_module_as_main
  File "<frozen runpy>", line 88, in _run_code
  File "/home/misha/lean_projects/transformer/experiments/full_compile_benchmark/preflight.py", line 27, in <module>
    main()
    ~~~~^^
  File "/home/misha/lean_projects/transformer/experiments/full_compile_benchmark/preflight.py", line 20, in main
    result = unittest.TextTestRunner(stream=stream, verbosity=2).run(suite)
  File "/home/misha/.local/share/uv/python/cpython-3.14.7-linux-x86_64-gnu/lib/python3.14/unittest/runner.py", line 257, in run
    test(result)
    ~~~~^^^^^^^^
  File "/home/misha/.local/share/uv/python/cpython-3.14.7-linux-x86_64-gnu/lib/python3.14/unittest/suite.py", line 84, in __call__
    return self.run(*args, **kwds)
           ~~~~~~~~^^^^^^^^^^^^^^^
  File "/home/misha/.local/share/uv/python/cpython-3.14.7-linux-x86_64-gnu/lib/python3.14/unittest/suite.py", line 122, in run
    test(result)
    ~~~~^^^^^^^^
  File "/home/misha/.local/share/uv/python/cpython-3.14.7-linux-x86_64-gnu/lib/python3.14/unittest/suite.py", line 84, in __call__
    return self.run(*args, **kwds)
           ~~~~~~~~^^^^^^^^^^^^^^^
  File "/home/misha/.local/share/uv/python/cpython-3.14.7-linux-x86_64-gnu/lib/python3.14/unittest/suite.py", line 122, in run
    test(result)
    ~~~~^^^^^^^^
  File "/home/misha/.local/share/uv/python/cpython-3.14.7-linux-x86_64-gnu/lib/python3.14/unittest/suite.py", line 84, in __call__
    return self.run(*args, **kwds)
           ~~~~~~~~^^^^^^^^^^^^^^^
  File "/home/misha/.local/share/uv/python/cpython-3.14.7-linux-x86_64-gnu/lib/python3.14/unittest/suite.py", line 122, in run
    test(result)
    ~~~~^^^^^^^^
  File "/home/misha/.local/share/uv/python/cpython-3.14.7-linux-x86_64-gnu/lib/python3.14/unittest/case.py", line 725, in __call__
    return self.run(*args, **kwds)
           ~~~~~~~~^^^^^^^^^^^^^^^
  File "/home/misha/.local/share/uv/python/cpython-3.14.7-linux-x86_64-gnu/lib/python3.14/unittest/case.py", line 669, in run
    self._callTestMethod(testMethod)
    ~~~~~~~~~~~~~~~~~~~~^^^^^^^^^^^^
  File "/home/misha/.local/share/uv/python/cpython-3.14.7-linux-x86_64-gnu/lib/python3.14/unittest/case.py", line 615, in _callTestMethod
    result = method()
  File "/home/misha/lean_projects/transformer/experiments/full_compile_benchmark/tests/test_step.py", line 52, in test_all_24_updates_and_states_match_eager_on_both_attentions
    actual = step.batch(inputs, targets)
  File "/home/misha/lean_projects/transformer/experiments/full_compile_benchmark/step.py", line 108, in batch
    return self.batch_kernel(inputs, targets)
           ~~~~~~~~~~~~~~~~~^^^^^^^^^^^^^^^^^
  File "/home/misha/lean_projects/transformer/.venv/lib/python3.14/site-packages/torch/_dynamo/eval_frame.py", line 1261, in compile_wrapper
    result = fn(*args, **kwargs)
  File "/home/misha/lean_projects/transformer/.venv/lib/python3.14/site-packages/torch/_dynamo/convert_frame.py", line 2649, in __call__
    result = self._torchdynamo_orig_backend(
        frame, cache_entry, self.hooks, frame_state, skip=1
    )
  File "/home/misha/lean_projects/transformer/.venv/lib/python3.14/site-packages/torch/_dynamo/convert_frame.py", line 778, in __call__
    result = _compile(
        frame.f_code,
    ...<18 lines>...
        convert_frame_box=self._box,
    )
  File "/home/misha/lean_projects/transformer/.venv/lib/python3.14/site-packages/torch/_dynamo/convert_frame.py", line 2116, in _compile
    guarded_code, tracer_output = compile_inner(code, one_graph, hooks)
                                  ~~~~~~~~~~~~~^^^^^^^^^^^^^^^^^^^^^^^^
  File "/home/misha/lean_projects/transformer/.venv/lib/python3.14/site-packages/torch/_utils_internal.py", line 114, in wrapper_function
    return function(*args, **kwargs)
  File "/home/misha/lean_projects/transformer/.venv/lib/python3.14/site-packages/torch/_dynamo/convert_frame.py", line 1701, in compile_inner
    result = _compile_inner(code, one_graph, hooks)
  File "/home/misha/lean_projects/transformer/.venv/lib/python3.14/site-packages/torch/_dynamo/convert_frame.py", line 1761, in _compile_inner
    dynamo_output = compile_frame(
        code,
    ...<11 lines>...
        package=package,
    )
  File "/home/misha/lean_projects/transformer/.venv/lib/python3.14/site-packages/torch/_dynamo/convert_frame.py", line 1598, in compile_frame
    bytecode, tracer_output = transform_code_object(code, transform)
                              ~~~~~~~~~~~~~~~~~~~~~^^^^^^^^^^^^^^^^^
  File "/home/misha/lean_projects/transformer/.venv/lib/python3.14/site-packages/torch/_dynamo/bytecode_transformation.py", line 1843, in transform_code_object
    tracer_output = transformations(instructions, code_options)
  File "/home/misha/lean_projects/transformer/.venv/lib/python3.14/site-packages/torch/_dynamo/convert_frame.py", line 1569, in transform
    tracer_output = trace_frame(
        code,
    ...<14 lines>...
        package=package,
    )
  File "/home/misha/lean_projects/transformer/.venv/lib/python3.14/site-packages/torch/_dynamo/convert_frame.py", line 369, in _fn
    return fn(*args, **kwargs)
  File "/home/misha/lean_projects/transformer/.venv/lib/python3.14/site-packages/torch/_dynamo/convert_frame.py", line 968, in trace_frame
    run_tracer()
    ~~~~~~~~~~^^
  File "/home/misha/lean_projects/transformer/.venv/lib/python3.14/site-packages/torch/_dynamo/convert_frame.py", line 949, in run_tracer
    tracer.run()
    ~~~~~~~~~~^^
  File "/home/misha/lean_projects/transformer/.venv/lib/python3.14/site-packages/torch/_dynamo/symbolic_convert.py", line 2094, in run
    while self.step():
          ~~~~~~~~~^^
  File "/home/misha/lean_projects/transformer/.venv/lib/python3.14/site-packages/torch/_dynamo/symbolic_convert.py", line 1747, in step
    self.dispatch_table[inst.opcode](self, inst)
    ~~~~~~~~~~~~~~~~~~~~~~~~~~~~~~~~^^^^^^^^^^^^
  File "/home/misha/lean_projects/transformer/.venv/lib/python3.14/site-packages/torch/_dynamo/symbolic_convert.py", line 5891, in RETURN_VALUE
    self._return(inst)
    ~~~~~~~~~~~~^^^^^^
  File "/home/misha/lean_projects/transformer/.venv/lib/python3.14/site-packages/torch/_dynamo/symbolic_convert.py", line 5864, in _return
    all_stack_locals_metadata = self.output.compile_subgraph(
        self,
    ...<4 lines>...
        stack_pops=1 if inst.opname == "RETURN_VALUE" else 0,
    )
  File "/home/misha/lean_projects/transformer/.venv/lib/python3.14/site-packages/torch/_dynamo/output_graph.py", line 2318, in compile_subgraph
    instructions, subgraph_pycode = self.compile_and_call_fx_graph(
                                    ~~~~~~~~~~~~~~~~~~~~~~~~~~~~~~^
        tx, pass2.graph_output_vars(), root
        ^^^^^^^^^^^^^^^^^^^^^^^^^^^^^^^^^^^
    )
    ^
  File "/home/misha/lean_projects/transformer/.venv/lib/python3.14/site-packages/torch/_dynamo/output_graph.py", line 2993, in compile_and_call_fx_graph
    compiled_fn = self.call_user_compiler(gm, example_inputs)
  File "/home/misha/lean_projects/transformer/.venv/lib/python3.14/site-packages/torch/_dynamo/output_graph.py", line 3170, in call_user_compiler
    return self._call_user_compiler(gm, example_inputs)
           ~~~~~~~~~~~~~~~~~~~~~~~~^^^^^^^^^^^^^^^^^^^^
  File "/home/misha/lean_projects/transformer/.venv/lib/python3.14/site-packages/torch/_dynamo/output_graph.py", line 3232, in _call_user_compiler
    compiled_fn = compiler_fn(gm, example_inputs)
  File "/home/misha/lean_projects/transformer/.venv/lib/python3.14/site-packages/torch/_dynamo/repro/after_dynamo.py", line 163, in __call__
    compiled_gm = compiler_fn(gm, example_inputs)
  File "/home/misha/lean_projects/transformer/.venv/lib/python3.14/site-packages/torch/__init__.py", line 2905, in __call__
    return compile_fx(
        model_,
    ...<2 lines>...
        compile_region_name=self.name,
    )
  File "/home/misha/lean_projects/transformer/.venv/lib/python3.14/site-packages/torch/_inductor/compile_fx.py", line 2939, in compile_fx
    return compile_fx(
        model_,
    ...<5 lines>...
        compile_region_name=compile_region_name,
    )
  File "/home/misha/lean_projects/transformer/.venv/lib/python3.14/site-packages/torch/_inductor/compile_fx.py", line 3020, in compile_fx
    return _maybe_wrap_and_compile_fx_main(
        model_,
    ...<4 lines>...
        compile_region_name=compile_region_name,
    )
  File "/home/misha/lean_projects/transformer/.venv/lib/python3.14/site-packages/torch/_inductor/compile_fx.py", line 3104, in _maybe_wrap_and_compile_fx_main
    return _compile_fx_main(
        model_,
    ...<4 lines>...
        compile_region_name=compile_region_name,
    )
  File "/home/misha/lean_projects/transformer/.venv/lib/python3.14/site-packages/torch/_inductor/compile_fx.py", line 3309, in _compile_fx_main
    return dynamo_common.aot_autograd(
           ~~~~~~~~~~~~~~~~~~~~~~~~~~~
    ...<9 lines>...
        compile_region_name=compile_region_name,
        ~~~~~~~~~~~~~~~~~~~~~~~~~~~~~~~~~~~~~~~~
    )(model_, example_inputs_)
    ~^^^^^^^^^^^^^^^^^^^^^^^^^
  File "/home/misha/lean_projects/transformer/.venv/lib/python3.14/site-packages/torch/_dynamo/backends/common.py", line 150, in __call__
    cg = aot_module_simplified(
        gm,
        example_inputs,
        **self.kwargs,  # pyrefly: ignore [bad-argument-type]
    )
  File "/home/misha/lean_projects/transformer/.venv/lib/python3.14/site-packages/torch/_functorch/aot_autograd.py", line 1250, in aot_module_simplified
    compiled_fn, _ = aot_stage2_compile(
                     ~~~~~~~~~~~~~~~~~~^
        aot_state,
        ^^^^^^^^^^
    ...<4 lines>...
        inference_compiler,
        ^^^^^^^^^^^^^^^^^^^
    )
    ^
  File "/home/misha/lean_projects/transformer/.venv/lib/python3.14/site-packages/torch/_functorch/_aot_autograd/graph_compile.py", line 365, in aot_stage2_compile
    return aot_stage2_inference(
        aot_state,
    ...<2 lines>...
        inference_compiler,
    )
  File "/home/misha/lean_projects/transformer/.venv/lib/python3.14/site-packages/torch/_functorch/_aot_autograd/graph_compile.py", line 489, in aot_stage2_inference
    compiled_fw = _aot_stage2b_inference_compile(
        fw_module,
    ...<4 lines>...
        inference_compiler,
    )
  File "/home/misha/lean_projects/transformer/.venv/lib/python3.14/site-packages/torch/_functorch/_aot_autograd/graph_compile.py", line 416, in _aot_stage2b_inference_compile
    return _aot_stage2b_compile_forward_or_inference(
           ~~~~~~~~~~~~~~~~~~~~~~~~~~~~~~~~~~~~~~~~~^
        fw_module,
        ^^^^^^^^^^
    ...<5 lines>...
        is_inference=True,
        ^^^^^^^^^^^^^^^^^^
    )[1]
    ^
  File "/home/misha/lean_projects/transformer/.venv/lib/python3.14/site-packages/torch/_functorch/_aot_autograd/graph_compile.py", line 2843, in _aot_stage2b_compile_forward_or_inference
    compiled_fw_func = compiler(fw_module, adjusted_flat_args)
  File "/home/misha/lean_projects/transformer/.venv/lib/python3.14/site-packages/torch/_functorch/_aot_autograd/schemas.py", line 1504, in __call__
    output_code = self.compiler_fn(gm, example_inputs)
  File "/home/misha/lean_projects/transformer/.venv/lib/python3.14/site-packages/torch/_inductor/compile_fx.py", line 3166, in fw_compiler_base
    return compile_fx_forward(
        gm,
    ...<5 lines>...
        is_inference=is_inference,
    )
  File "/home/misha/lean_projects/transformer/.venv/lib/python3.14/site-packages/torch/_inductor/compile_fx.py", line 2753, in compile_fx_forward
    result = inner_compile(
        gm,
    ...<5 lines>...
        boxed_forward_device_index=compiler_config_extra.forward_device,
    )
  File "/home/misha/.local/share/uv/python/cpython-3.14.7-linux-x86_64-gnu/lib/python3.14/contextlib.py", line 85, in inner
    return func(*args, **kwds)
  File "/home/misha/lean_projects/transformer/.venv/lib/python3.14/site-packages/torch/_inductor/compile_fx.py", line 919, in compile_fx_inner
    compiled_graph = wrap_compiler_debug(
        _compile_fx_inner, compiler_name="inductor"
    )(
        gm,
    ...<2 lines>...
        **kwargs,
    )
  File "/home/misha/lean_projects/transformer/.venv/lib/python3.14/site-packages/torch/_dynamo/repro/after_aot.py", line 325, in debug_wrapper
    inner_compiled_fn = compiler_fn(gm, example_inputs)
  File "/home/misha/lean_projects/transformer/.venv/lib/python3.14/site-packages/torch/_inductor/compile_fx.py", line 1169, in _compile_fx_inner
    mb_compiled_graph = fx_codegen_and_compile(
        gm,
    ...<3 lines>...
        **graph_kwargs,
    )
  File "/home/misha/lean_projects/transformer/.venv/lib/python3.14/site-packages/torch/_inductor/compile_fx.py", line 2001, in fx_codegen_and_compile
    return scheme.codegen_and_compile(gm, example_inputs, inputs_to_check, graph_kwargs)
           ~~~~~~~~~~~~~~~~~~~~~~~~~~^^^^^^^^^^^^^^^^^^^^^^^^^^^^^^^^^^^^^^^^^^^^^^^^^^^
  File "/home/misha/lean_projects/transformer/.venv/lib/python3.14/site-packages/torch/_inductor/compile_fx.py", line 1516, in codegen_and_compile
    _recursive_post_grad_passes(gm, is_inference=is_inference)
    ~~~~~~~~~~~~~~~~~~~~~~~~~~~^^^^^^^^^^^^^^^^^^^^^^^^^^^^^^^
  File "/home/misha/lean_projects/transformer/.venv/lib/python3.14/site-packages/torch/_inductor/compile_fx.py", line 650, in _recursive_post_grad_passes
    post_grad_passes(gm, is_inference)
    ~~~~~~~~~~~~~~~~^^^^^^^^^^^^^^^^^^
  File "/home/misha/lean_projects/transformer/.venv/lib/python3.14/site-packages/torch/_inductor/fx_passes/post_grad.py", line 316, in post_grad_passes
    fake_tensor_updater.incremental_update()
    ~~~~~~~~~~~~~~~~~~~~~~~~~~~~~~~~~~~~~~^^
  File "/home/misha/lean_projects/transformer/.venv/lib/python3.14/site-packages/torch/_inductor/fx_utils.py", line 802, in incremental_update
    new_fake_tensor = node.target(*args, **kwargs)
  File "/home/misha/lean_projects/transformer/.venv/lib/python3.14/site-packages/torch/_ops.py", line 916, in __call__
    return self._op(*args, **kwargs)
           ~~~~~~~~^^^^^^^^^^^^^^^^^
KeyboardInterrupt
